Component: ARM Compiler 5.06 update 5 (build 528) Tool: armlink [4d35e2]

==============================================================================

Section Cross References

    main.o(i.Exp10_Relay) refers to _printf_pad.o(.text) for _printf_pre_padding
    main.o(i.Exp10_Relay) refers to _printf_percent.o(.ARM.Collect$$_printf_percent$$00000000) for _printf_percent
    main.o(i.Exp10_Relay) refers to _printf_d.o(.ARM.Collect$$_printf_percent$$00000009) for _printf_d
    main.o(i.Exp10_Relay) refers to _printf_dec.o(.text) for _printf_int_dec
    main.o(i.Exp10_Relay) refers to gpio_out.o(i.LED_Init) for LED_Init
    main.o(i.Exp10_Relay) refers to relay.o(i.Relay_Init) for Relay_Init
    main.o(i.Exp10_Relay) refers to lcd12864.o(i.LCD12864_Init) for LCD12864_Init
    main.o(i.Exp10_Relay) refers to lcd12864.o(i.LCD12864_Clear) for LCD12864_Clear
    main.o(i.Exp10_Relay) refers to lcd12864.o(i.LCD12864_Backlight) for LCD12864_Backlight
    main.o(i.Exp10_Relay) refers to noretval__2printf.o(.text) for __2printf
    main.o(i.Exp10_Relay) refers to relay.o(i.Relay_Set) for Relay_Set
    main.o(i.Exp10_Relay) refers to gpio_out.o(i.LED_AllOff) for LED_AllOff
    main.o(i.Exp10_Relay) refers to gpio_out.o(i.LED_Set) for LED_Set
    main.o(i.Exp10_Relay) refers to lcd12864.o(i.LCD12864_SetPos) for LCD12864_SetPos
    main.o(i.Exp10_Relay) refers to lcd12864.o(i.LCD12864_WriteString) for LCD12864_WriteString
    main.o(i.Exp10_Relay) refers to noretval__2sprintf.o(.text) for __2sprintf
    main.o(i.Exp10_Relay) refers to delay.o(i.delay_ms) for delay_ms
    main.o(i.Exp10_Relay) refers to freertos_tasks.o(.data) for stop_requested
    main.o(i.Exp11_DHT11) refers to _printf_percent.o(.ARM.Collect$$_printf_percent$$00000000) for _printf_percent
    main.o(i.Exp11_DHT11) refers to _printf_d.o(.ARM.Collect$$_printf_percent$$00000009) for _printf_d
    main.o(i.Exp11_DHT11) refers to _printf_dec.o(.text) for _printf_int_dec
    main.o(i.Exp11_DHT11) refers to _printf_pad.o(.text) for _printf_pre_padding
    main.o(i.Exp11_DHT11) refers to dht11.o(i.DHT11_Init) for DHT11_Init
    main.o(i.Exp11_DHT11) refers to lcd12864.o(i.LCD12864_Init) for LCD12864_Init
    main.o(i.Exp11_DHT11) refers to lcd12864.o(i.LCD12864_Clear) for LCD12864_Clear
    main.o(i.Exp11_DHT11) refers to lcd12864.o(i.LCD12864_Backlight) for LCD12864_Backlight
    main.o(i.Exp11_DHT11) refers to noretval__2printf.o(.text) for __2printf
    main.o(i.Exp11_DHT11) refers to delay.o(i.delay_ms) for delay_ms
    main.o(i.Exp11_DHT11) refers to dht11.o(i.DHT11_Read) for DHT11_Read
    main.o(i.Exp11_DHT11) refers to lcd12864.o(i.LCD12864_SetPos) for LCD12864_SetPos
    main.o(i.Exp11_DHT11) refers to lcd12864.o(i.LCD12864_WriteString) for LCD12864_WriteString
    main.o(i.Exp11_DHT11) refers to noretval__2sprintf.o(.text) for __2sprintf
    main.o(i.Exp11_DHT11) refers to freertos_tasks.o(.data) for stop_requested
    main.o(i.Exp12_Thermistor) refers to _printf_percent.o(.ARM.Collect$$_printf_percent$$00000000) for _printf_percent
    main.o(i.Exp12_Thermistor) refers to _printf_d.o(.ARM.Collect$$_printf_percent$$00000009) for _printf_d
    main.o(i.Exp12_Thermistor) refers to _printf_f.o(.ARM.Collect$$_printf_percent$$00000003) for _printf_f
    main.o(i.Exp12_Thermistor) refers to _printf_dec.o(.text) for _printf_int_dec
    main.o(i.Exp12_Thermistor) refers to printf1.o(x$fpl$printf1) for _printf_fp_dec
    main.o(i.Exp12_Thermistor) refers to _printf_pad.o(.text) for _printf_pre_padding
    main.o(i.Exp12_Thermistor) refers to _printf_u.o(.ARM.Collect$$_printf_percent$$0000000A) for _printf_u
    main.o(i.Exp12_Thermistor) refers to sensor_adc.o(i.ADC1_Init) for ADC1_Init
    main.o(i.Exp12_Thermistor) refers to lcd12864.o(i.LCD12864_Init) for LCD12864_Init
    main.o(i.Exp12_Thermistor) refers to lcd12864.o(i.LCD12864_Clear) for LCD12864_Clear
    main.o(i.Exp12_Thermistor) refers to lcd12864.o(i.LCD12864_Backlight) for LCD12864_Backlight
    main.o(i.Exp12_Thermistor) refers to noretval__2printf.o(.text) for __2printf
    main.o(i.Exp12_Thermistor) refers to sensor_adc.o(i.ADC1_ReadAvg) for ADC1_ReadAvg
    main.o(i.Exp12_Thermistor) refers to fflt_clz.o(x$fpl$ffltu) for __aeabi_ui2f
    main.o(i.Exp12_Thermistor) refers to fmul.o(x$fpl$fmul) for __aeabi_fmul
    main.o(i.Exp12_Thermistor) refers to fdiv.o(x$fpl$fdiv) for __aeabi_fdiv
    main.o(i.Exp12_Thermistor) refers to f2d.o(x$fpl$f2d) for __aeabi_f2d
    main.o(i.Exp12_Thermistor) refers to lcd12864.o(i.LCD12864_SetPos) for LCD12864_SetPos
    main.o(i.Exp12_Thermistor) refers to lcd12864.o(i.LCD12864_WriteString) for LCD12864_WriteString
    main.o(i.Exp12_Thermistor) refers to noretval__2sprintf.o(.text) for __2sprintf
    main.o(i.Exp12_Thermistor) refers to delay.o(i.delay_ms) for delay_ms
    main.o(i.Exp12_Thermistor) refers to freertos_tasks.o(.data) for stop_requested
[...]
    __ARM_use_no_argv                        0x00000000   Number         0  main.o ABSOLUTE
    _printf_flags                            0x00000000   Number         0  printf_stubs.o ABSOLUTE
    _printf_return_value                     0x00000000   Number         0  printf_stubs.o ABSOLUTE
    _printf_sizespec                         0x00000000   Number         0  printf_stubs.o ABSOLUTE
    _printf_widthprec                        0x00000000   Number         0  printf_stubs.o ABSOLUTE
    __ARM_exceptions_init                     - Undefined Weak Reference
    __alloca_initialize                       - Undefined Weak Reference
    __arm_preinit_                            - Undefined Weak Reference
    __cpp_initialize__aeabi_                  - Undefined Weak Reference
    __cxa_finalize                            - Undefined Weak Reference
    __sigvec_lookup                           - Undefined Weak Reference
    _atexit_init                              - Undefined Weak Reference
    _call_atexit_fns                          - Undefined Weak Reference
    _clock_init                               - Undefined Weak Reference
    _fp_trap_init                             - Undefined Weak Reference
    _fp_trap_shutdown                         - Undefined Weak Reference
    _get_lc_collate                           - Undefined Weak Reference
    _get_lc_ctype                             - Undefined Weak Reference
    _get_lc_monetary                          - Undefined Weak Reference
    _get_lc_time                              - Undefined Weak Reference
    _getenv_init                              - Undefined Weak Reference
    _handle_redirection                       - Undefined Weak Reference
    _init_alloc                               - Undefined Weak Reference
    _init_user_alloc                          - Undefined Weak Reference
    _initio                                   - Undefined Weak Reference
    _mutex_acquire                            - Undefined Weak Reference
    _mutex_release                            - Undefined Weak Reference
    _printf_mbtowc                            - Undefined Weak Reference
    _printf_truncate_signed                   - Undefined Weak Reference
    _printf_truncate_unsigned                 - Undefined Weak Reference
    _rand_init                                - Undefined Weak Reference
    _signal_finish                            - Undefined Weak Reference
    _signal_init                              - Undefined Weak Reference
    _terminate_alloc                          - Undefined Weak Reference
    _terminate_user_alloc                     - Undefined Weak Reference
    _terminateio                              - Undefined Weak Reference
    __Vectors_Size                           0x00000130   Number         0  startup_stm32f10x_hd.o ABSOLUTE
    __Vectors                                0x08000000   Data           4  startup_stm32f10x_hd.o(RESET)
    __Vectors_End                            0x08000130   Data           0  startup_stm32f10x_hd.o(RESET)
    __main                                   0x08000131   Thumb Code     8  __main.o(!!!main)
    __scatterload                            0x08000139   Thumb Code     0  __scatter.o(!!!scatter)
    __scatterload_rt2                        0x08000139   Thumb Code    44  __scatter.o(!!!scatter)
    __scatterload_rt2_thumb_only             0x08000139   Thumb Code     0  __scatter.o(!!!scatter)
    __scatterload_null                       0x08000147   Thumb Code     0  __scatter.o(!!!scatter)
    __scatterload_copy                       0x0800016d   Thumb Code    26  __scatter_copy.o(!!handler_copy)
    __scatterload_zeroinit                   0x08000189   Thumb Code    28  __scatter_zi.o(!!handler_zi)
    _printf_f                                0x080001a5   Thumb Code     0  _printf_f.o(.ARM.Collect$$_printf_percent$$00000003)
    _printf_percent                          0x080001a5   Thumb Code     0  _printf_percent.o(.ARM.Collect$$_printf_percent$$00000000)
    _printf_d                                0x080001ab   Thumb Code     0  _printf_d.o(.ARM.Collect$$_printf_percent$$00000009)
    _printf_u                                0x080001b1   Thumb Code     0  _printf_u.o(.ARM.Collect$$_printf_percent$$0000000A)
    _printf_x                                0x080001b7   Thumb Code     0  _printf_x.o(.ARM.Collect$$_printf_percent$$0000000C)
    _printf_c                                0x080001bd   Thumb Code     0  _printf_c.o(.ARM.Collect$$_printf_percent$$00000013)
    _printf_s                                0x080001c3   Thumb Code     0  _printf_s.o(.ARM.Collect$$_printf_percent$$00000014)
    _printf_percent_end                      0x080001c9   Thumb Code     0  _printf_percent_end.o(.ARM.Collect$$_printf_percent$$00000017)
    __rt_lib_init                            0x080001cd   Thumb Code     0  libinit.o(.ARM.Collect$$libinit$$00000000)
    __rt_lib_init_fp_1                       0x080001cf   Thumb Code     0  libinit2.o(.ARM.Collect$$libinit$$00000002)
    __rt_lib_init_heap_1                     0x080001cf   Thumb Code     0  libinit2.o(.ARM.Collect$$libinit$$0000000A)
    __rt_lib_init_lc_common                  0x080001cf   Thumb Code     0  libinit2.o(.ARM.Collect$$libinit$$0000000F)
    __rt_lib_init_preinit_1                  0x080001cf   Thumb Code     0  libinit2.o(.ARM.Collect$$libinit$$00000004)
    __rt_lib_init_rand_1                     0x080001cf   Thumb Code     0  libinit2.o(.ARM.Collect$$libinit$$0000000E)
    __rt_lib_init_user_alloc_1               0x080001cf   Thumb Code     0  libinit2.o(.ARM.Collect$$libinit$$0000000C)
    __rt_lib_init_lc_collate_1               0x080001d5   Thumb Code     0  libinit2.o(.ARM.Collect$$libinit$$00000011)
    __rt_lib_init_lc_ctype_1                 0x080001d5   Thumb Code     0  libinit2.o(.ARM.Collect$$libinit$$00000013)
    __rt_lib_init_lc_monetary_1              0x080001d5   Thumb Code     0  libinit2.o(.ARM.Collect$$libinit$$00000015)
    __rt_lib_init_lc_numeric_2               0x080001d5   Thumb Code     0  libinit2.o(.ARM.Collect$$libinit$$00000016)
    __rt_lib_init_alloca_1                   0x080001df   Thumb Code     0  libinit2.o(.ARM.Collect$$libinit$$0000002E)
    __rt_lib_init_argv_1                     0x080001df   Thumb Code     0  libinit2.o(.ARM.Collect$$libinit$$0000002C)
    __rt_lib_init_atexit_1                   0x080001df   Thumb Code     0  libinit2.o(.ARM.Collect$$libinit$$0000001B)
    __rt_lib_init_clock_1                    0x080001df   Thumb Code     0  libinit2.o(.ARM.Collect$$libinit$$00000021)
    __rt_lib_init_cpp_1                      0x080001df   Thumb Code     0  libinit2.o(.ARM.Collect$$libinit$$00000032)
    __rt_lib_init_exceptions_1               0x080001df   Thumb Code     0  libinit2.o(.ARM.Collect$$libinit$$00000030)
    __rt_lib_init_fp_trap_1                  0x080001df   Thumb Code     0  libinit2.o(.ARM.Collect$$libinit$$0000001F)
    __rt_lib_init_getenv_1                   0x080001df   Thumb Code     0  libinit2.o(.ARM.Collect$$libinit$$00000023)
    __rt_lib_init_lc_numeric_1               0x080001df   Thumb Code     0  libinit2.o(.ARM.Collect$$libinit$$00000017)
    __rt_lib_init_lc_time_1                  0x080001df   Thumb Code     0  libinit2.o(.ARM.Collect$$libinit$$00000019)
    __rt_lib_init_return                     0x080001df   Thumb Code     0  libinit2.o(.ARM.Collect$$libinit$$00000033)
    __rt_lib_init_signal_1                   0x080001df   Thumb Code     0  libinit2.o(.ARM.Collect$$libinit$$0000001D)
    __rt_lib_init_stdio_1                    0x080001df   Thumb Code     0  libinit2.o(.ARM.Collect$$libinit$$00000025)
    __rt_lib_shutdown                        0x080001e1   Thumb Code     0  libshutdown.o(.ARM.Collect$$libshutdown$$00000000)
    __rt_lib_shutdown_cpp_1                  0x080001e3   Thumb Code     0  libshutdown2.o(.ARM.Collect$$libshutdown$$00000002)
    __rt_lib_shutdown_fp_trap_1              0x080001e3   Thumb Code     0  libshutdown2.o(.ARM.Collect$$libshutdown$$00000007)
    __rt_lib_shutdown_heap_1                 0x080001e3   Thumb Code     0  libshutdown2.o(.ARM.Collect$$libshutdown$$0000000F)
    __rt_lib_shutdown_return                 0x080001e3   Thumb Code     0  libshutdown2.o(.ARM.Collect$$libshutdown$$00000010)
    __rt_lib_shutdown_signal_1               0x080001e3   Thumb Code     0  libshutdown2.o(.ARM.Collect$$libshutdown$$0000000A)
    __rt_lib_shutdown_stdio_1                0x080001e3   Thumb Code     0  libshutdown2.o(.ARM.Collect$$libshutdown$$00000004)
    __rt_lib_shutdown_user_alloc_1           0x080001e3   Thumb Code     0  libshutdown2.o(.ARM.Collect$$libshutdown$$0000000C)
    __rt_entry                               0x080001e5   Thumb Code     0  __rtentry.o(.ARM.Collect$$rtentry$$00000000)
    __rt_entry_presh_1                       0x080001e5   Thumb Code     0  __rtentry2.o(.ARM.Collect$$rtentry$$00000002)
    __rt_entry_sh                            0x080001e5   Thumb Code     0  __rtentry4.o(.ARM.Collect$$rtentry$$00000004)
    __rt_entry_li                            0x080001eb   Thumb Code     0  __rtentry2.o(.ARM.Collect$$rtentry$$0000000A)
    __rt_entry_postsh_1                      0x080001eb   Thumb Code     0  __rtentry2.o(.ARM.Collect$$rtentry$$00000009)
    __rt_entry_main                          0x080001ef   Thumb Code     0  __rtentry2.o(.ARM.Collect$$rtentry$$0000000D)
    __rt_entry_postli_1                      0x080001ef   Thumb Code     0  __rtentry2.o(.ARM.Collect$$rtentry$$0000000C)
    __rt_exit                                0x080001f7   Thumb Code     0  rtexit.o(.ARM.Collect$$rtexit$$00000000)
    __rt_exit_ls                             0x080001f9   Thumb Code     0  rtexit2.o(.ARM.Collect$$rtexit$$00000003)
    __rt_exit_prels_1                        0x080001f9   Thumb Code     0  rtexit2.o(.ARM.Collect$$rtexit$$00000002)
    __rt_exit_exit                           0x080001fd   Thumb Code     0  rtexit2.o(.ARM.Collect$$rtexit$$00000004)
    vPortSVCHandler                          0x08000205   Thumb Code    32  port.o(.emb_text)
    __asm___6_port_c_39a90d8d__prvStartFirstTask 0x08000229   Thumb Code    28  port.o(.emb_text)
    xPortPendSVHandler                       0x08000249   Thumb Code    72  port.o(.emb_text)
    vPortGetIPSR                             0x08000295   Thumb Code     6  port.o(.emb_text)
    Reset_Handler                            0x0800029d   Thumb Code     8  startup_stm32f10x_hd.o(.text)
    NMI_Handler                              0x080002a5   Thumb Code     2  startup_stm32f10x_hd.o(.text)
    HardFault_Handler                        0x080002a7   Thumb Code     2  startup_stm32f10x_hd.o(.text)
    MemManage_Handler                        0x080002a9   Thumb Code     2  startup_stm32f10x_hd.o(.text)
    BusFault_Handler                         0x080002ab   Thumb Code     2  startup_stm32f10x_hd.o(.text)
    UsageFault_Handler                       0x080002ad   Thumb Code     2  startup_stm32f10x_hd.o(.text)
    SVC_Handler                              0x080002af   Thumb Code     2  startup_stm32f10x_hd.o(.text)
    DebugMon_Handler                         0x080002b1   Thumb Code     2  startup_stm32f10x_hd.o(.text)
    PendSV_Handler                           0x080002b3   Thumb Code     2  startup_stm32f10x_hd.o(.text)
    SysTick_Handler                          0x080002b5   Thumb Code     2  startup_stm32f10x_hd.o(.text)
    ADC1_2_IRQHandler                        0x080002b7   Thumb Code     0  startup_stm32f10x_hd.o(.text)
    ADC3_IRQHandler                          0x080002b7   Thumb Code     0  startup_stm32f10x_hd.o(.text)
    CAN1_RX1_IRQHandler                      0x080002b7   Thumb Code     0  startup_stm32f10x_hd.o(.text)
    CAN1_SCE_IRQHandler                      0x080002b7   Thumb Code     0  startup_stm32f10x_hd.o(.text)
    DMA1_Channel1_IRQHandler                 0x080002b7   Thumb Code     0  startup_stm32f10x_hd.o(.text)
    DMA1_Channel2_IRQHandler                 0x080002b7   Thumb Code     0  startup_stm32f10x_hd.o(.text)
    DMA1_Channel3_IRQHandler                 0x080002b7   Thumb Code     0  startup_stm32f10x_hd.o(.text)
    DMA1_Channel4_IRQHandler                 0x080002b7   Thumb Code     0  startup_stm32f10x_hd.o(.text)
    DMA1_Channel5_IRQHandler                 0x080002b7   Thumb Code     0  startup_stm32f10x_hd.o(.text)
    DMA1_Channel6_IRQHandler                 0x080002b7   Thumb Code     0  startup_stm32f10x_hd.o(.text)
    DMA1_Channel7_IRQHandler                 0x080002b7   Thumb Code     0  startup_stm32f10x_hd.o(.text)
    DMA2_Channel1_IRQHandler                 0x080002b7   Thumb Code     0  startup_stm32f10x_hd.o(.text)
    DMA2_Channel2_IRQHandler                 0x080002b7   Thumb Code     0  startup_stm32f10x_hd.o(.text)
    DMA2_Channel3_IRQHandler                 0x080002b7   Thumb Code     0  startup_stm32f10x_hd.o(.text)
    DMA2_Channel4_5_IRQHandler               0x080002b7   Thumb Code     0  startup_stm32f10x_hd.o(.text)
    EXTI15_10_IRQHandler                     0x080002b7   Thumb Code     0  startup_stm32f10x_hd.o(.text)
    EXTI1_IRQHandler                         0x080002b7   Thumb Code     0  startup_stm32f10x_hd.o(.text)
    EXTI4_IRQHandler                         0x080002b7   Thumb Code     0  startup_stm32f10x_hd.o(.text)
    FLASH_IRQHandler                         0x080002b7   Thumb Code     0  startup_stm32f10x_hd.o(.text)
    FSMC_IRQHandler                          0x080002b7   Thumb Code     0  startup_stm32f10x_hd.o(.text)
    I2C1_ER_IRQHandler                       0x080002b7   Thumb Code     0  startup_stm32f10x_hd.o(.text)
    I2C1_EV_IRQHandler                       0x080002b7   Thumb Code     0  startup_stm32f10x_hd.o(.text)
    I2C2_ER_IRQHandler                       0x080002b7   Thumb Code     0  startup_stm32f10x_hd.o(.text)
    I2C2_EV_IRQHandler                       0x080002b7   Thumb Code     0  startup_stm32f10x_hd.o(.text)
    PVD_IRQHandler                           0x080002b7   Thumb Code     0  startup_stm32f10x_hd.o(.text)
    RCC_IRQHandler                           0x080002b7   Thumb Code     0  startup_stm32f10x_hd.o(.text)
    RTCAlarm_IRQHandler                      0x080002b7   Thumb Code     0  startup_stm32f10x_hd.o(.text)
    RTC_IRQHandler                           0x080002b7   Thumb Code     0  startup_stm32f10x_hd.o(.text)
    SDIO_IRQHandler                          0x080002b7   Thumb Code     0  startup_stm32f10x_hd.o(.text)
    SPI1_IRQHandler                          0x080002b7   Thumb Code     0  startup_stm32f10x_hd.o(.text)
    SPI2_IRQHandler                          0x080002b7   Thumb Code     0  startup_stm32f10x_hd.o(.text)
    SPI3_IRQHandler                          0x080002b7   Thumb Code     0  startup_stm32f10x_hd.o(.text)
    TAMPER_IRQHandler                        0x080002b7   Thumb Code     0  startup_stm32f10x_hd.o(.text)
    TIM1_BRK_IRQHandler                      0x080002b7   Thumb Code     0  startup_stm32f10x_hd.o(.text)
    TIM1_CC_IRQHandler                       0x080002b7   Thumb Code     0  startup_stm32f10x_hd.o(.text)
    TIM1_TRG_COM_IRQHandler                  0x080002b7   Thumb Code     0  startup_stm32f10x_hd.o(.text)
    TIM1_UP_IRQHandler                       0x080002b7   Thumb Code     0  startup_stm32f10x_hd.o(.text)
    TIM2_IRQHandler                          0x080002b7   Thumb Code     0  startup_stm32f10x_hd.o(.text)
    TIM3_IRQHandler                          0x080002b7   Thumb Code     0  startup_stm32f10x_hd.o(.text)
    TIM4_IRQHandler                          0x080002b7   Thumb Code     0  startup_stm32f10x_hd.o(.text)
    TIM5_IRQHandler                          0x080002b7   Thumb Code     0  startup_stm32f10x_hd.o(.text)
    TIM6_IRQHandler                          0x080002b7   Thumb Code     0  startup_stm32f10x_hd.o(.text)
    TIM7_IRQHandler                          0x080002b7   Thumb Code     0  startup_stm32f10x_hd.o(.text)
    TIM8_BRK_IRQHandler                      0x080002b7   Thumb Code     0  startup_stm32f10x_hd.o(.text)
    TIM8_CC_IRQHandler                       0x080002b7   Thumb Code     0  startup_stm32f10x_hd.o(.text)
    TIM8_TRG_COM_IRQHandler                  0x080002b7   Thumb Code     0  startup_stm32f10x_hd.o(.text)
    TIM8_UP_IRQHandler                       0x080002b7   Thumb Code     0  startup_stm32f10x_hd.o(.text)
    UART5_IRQHandler                         0x080002b7   Thumb Code     0  startup_stm32f10x_hd.o(.text)
    USART2_IRQHandler                        0x080002b7   Thumb Code     0  startup_stm32f10x_hd.o(.text)
    USBWakeUp_IRQHandler                     0x080002b7   Thumb Code     0  startup_stm32f10x_hd.o(.text)
    USB_HP_CAN1_TX_IRQHandler                0x080002b7   Thumb Code     0  startup_stm32f10x_hd.o(.text)
    USB_LP_CAN1_RX0_IRQHandler               0x080002b7   Thumb Code     0  startup_stm32f10x_hd.o(.text)
    WWDG_IRQHandler                          0x080002b7   Thumb Code     0  startup_stm32f10x_hd.o(.text)
    __user_initial_stackheap                 0x080002b9   Thumb Code     0  startup_stm32f10x_hd.o(.text)
    __use_no_semihosting                     0x080002dd   Thumb Code     2  use_no_semi_2.o(.text)
    __2printf                                0x080002e1   Thumb Code    20  noretval__2printf.o(.text)
    __2sprintf                               0x080002f9   Thumb Code    34  noretval__2sprintf.o(.text)
    _printf_pre_padding                      0x08000321   Thumb Code    44  _printf_pad.o(.text)
    _printf_post_padding                     0x0800034d   Thumb Code    34  _printf_pad.o(.text)
    _printf_str                              0x0800036f   Thumb Code    82  _printf_str.o(.text)
    _printf_int_dec                          0x080003c1   Thumb Code   104  _printf_dec.o(.text)
    _printf_int_hex                          0x08000439   Thumb Code    84  _printf_hex_int.o(.text)
    _printf_longlong_hex                     0x08000439   Thumb Code     0  _printf_hex_int.o(.text)
    __printf                                 0x08000491   Thumb Code   388  __printf_flags_ss_wp.o(.text)
    __aeabi_memcpy                           0x08000619   Thumb Code     0  rt_memcpy_v6.o(.text)
    __rt_memcpy                              0x08000619   Thumb Code   138  rt_memcpy_v6.o(.text)
    _memcpy_lastbytes                        0x0800067f   Thumb Code     0  rt_memcpy_v6.o(.text)
    __use_two_region_memory                  0x080006a3   Thumb Code     2  heapauxi.o(.text)
    __rt_heap_escrow$2region                 0x080006a5   Thumb Code     2  heapauxi.o(.text)
    __rt_heap_expand$2region                 0x080006a7   Thumb Code     2  heapauxi.o(.text)
    __I$use$semihosting                      0x080006a9   Thumb Code     0  use_no_semi.o(.text)
    __use_no_semihosting_swi                 0x080006a9   Thumb Code     2  use_no_semi.o(.text)
    _printf_int_common                       0x080006ab   Thumb Code   178  _printf_intcommon.o(.text)
    __lib_sel_fp_printf                      0x0800075d   Thumb Code     2  _printf_fp_dec.o(.text)
    _printf_fp_dec_real                      0x0800090f   Thumb Code   620  _printf_fp_dec.o(.text)
    _printf_char_common                      0x08000b87   Thumb Code    32  _printf_char_common.o(.text)
    _sputc                                   0x08000bad   Thumb Code    10  _sputc.o(.text)
    _printf_cs_common                        0x08000bb7   Thumb Code    20  _printf_char.o(.text)
    _printf_char                             0x08000bcb   Thumb Code    16  _printf_char.o(.text)
    _printf_string                           0x08000bdb   Thumb Code     8  _printf_char.o(.text)
    _printf_char_file                        0x08000be5   Thumb Code    32  _printf_char_file.o(.text)
    __aeabi_memcpy4                          0x08000c09   Thumb Code     0  rt_memcpy_w.o(.text)
    __aeabi_memcpy8                          0x08000c09   Thumb Code     0  rt_memcpy_w.o(.text)
    __rt_memcpy_w                            0x08000c09   Thumb Code   100  rt_memcpy_w.o(.text)
    _memcpy_lastbytes_aligned                0x08000c51   Thumb Code     0  rt_memcpy_w.o(.text)
    __rt_locale                              0x08000c6d   Thumb Code     8  rt_locale_intlibspace.o(.text)
    _ll_udiv10                               0x08000c75   Thumb Code   138  lludiv10.o(.text)
    _printf_fp_infnan                        0x08000d01   Thumb Code   112  _printf_fp_infnan.o(.text)
    _btod_etento                             0x08000d81   Thumb Code   224  bigflt0.o(.text)
    ferror                                   0x08000e65   Thumb Code     8  ferror.o(.text)
    __user_libspace                          0x08000e6d   Thumb Code     8  libspace.o(.text)
    __user_perproc_libspace                  0x08000e6d   Thumb Code     0  libspace.o(.text)
    __user_perthread_libspace                0x08000e6d   Thumb Code     0  libspace.o(.text)
    __user_setup_stackheap                   0x08000e75   Thumb Code    74  sys_stackheap_outer.o(.text)
    exit                                     0x08000ebf   Thumb Code    18  exit.o(.text)
    strcmp                                   0x08000ed1   Thumb Code   128  strcmpv7m.o(.text)
    _btod_d2e                                0x08000f51   Thumb Code    62  btod.o(CL$$btod_d2e)
    _d2e_denorm_low                          0x08000f8f   Thumb Code    70  btod.o(CL$$btod_d2e_denorm_low)
    _d2e_norm_op1                            0x08000fd5   Thumb Code    96  btod.o(CL$$btod_d2e_norm_op1)
    __btod_div_common                        0x08001035   Thumb Code   696  btod.o(CL$$btod_div_common)
    _e2e                                     0x0800136d   Thumb Code   220  btod.o(CL$$btod_e2e)
    _btod_ediv                               0x08001449   Thumb Code    42  btod.o(CL$$btod_ediv)
    _btod_emul                               0x08001473   Thumb Code    42  btod.o(CL$$btod_emul)
    __btod_mult_common                       0x0800149d   Thumb Code   580  btod.o(CL$$btod_mult_common)
    ADC1_Init                                0x080016e1   Thumb Code   176  sensor_adc.o(i.ADC1_Init)
    ADC1_ReadAvg                             0x0800179d   Thumb Code    40  sensor_adc.o(i.ADC1_ReadAvg)
    ADC1_ReadChannel                         0x080017c5   Thumb Code    46  sensor_adc.o(i.ADC1_ReadChannel)
    ADC_Cmd                                  0x080017f9   Thumb Code    22  stm32f10x_adc.o(i.ADC_Cmd)
    ADC_DeInit                               0x08001811   Thumb Code    78  stm32f10x_adc.o(i.ADC_DeInit)
    ADC_GetCalibrationStatus                 0x0800186d   Thumb Code    20  stm32f10x_adc.o(i.ADC_GetCalibrationStatus)
    ADC_GetConversionValue                   0x08001881   Thumb Code     8  stm32f10x_adc.o(i.ADC_GetConversionValue)
    ADC_GetFlagStatus                        0x08001889   Thumb Code    18  stm32f10x_adc.o(i.ADC_GetFlagStatus)
    ADC_GetResetCalibrationStatus            0x0800189b   Thumb Code    20  stm32f10x_adc.o(i.ADC_GetResetCalibrationStatus)
    ADC_Init                                 0x080018b1   Thumb Code    70  stm32f10x_adc.o(i.ADC_Init)
    ADC_RegularChannelConfig                 0x08001901   Thumb Code   184  stm32f10x_adc.o(i.ADC_RegularChannelConfig)
    ADC_ResetCalibration                     0x080019b9   Thumb Code    10  stm32f10x_adc.o(i.ADC_ResetCalibration)
    ADC_SoftwareStartConvCmd                 0x080019c3   Thumb Code    22  stm32f10x_adc.o(i.ADC_SoftwareStartConvCmd)
    ADC_StartCalibration                     0x080019d9   Thumb Code    10  stm32f10x_adc.o(i.ADC_StartCalibration)
    Buzzer_Set                               0x080019e5   Thumb Code    26  gpio_out.o(i.Buzzer_Set)
    CH451_Clear                              0x08001a05   Thumb Code    24  ch451.o(i.CH451_Clear)
    CH451_DisplayNum                         0x08001a1d   Thumb Code   144  ch451.o(i.CH451_DisplayNum)
    CH451_Init                               0x08001ab5   Thumb Code   142  ch451.o(i.CH451_Init)
    CH451_ReadKey                            0x08001b49   Thumb Code    98  ch451.o(i.CH451_ReadKey)
    CH451_SetDigit                           0x08001bb1   Thumb Code    38  ch451.o(i.CH451_SetDigit)
    CH451_WriteCmd                           0x08001bd9   Thumb Code   100  ch451.o(i.CH451_WriteCmd)
    DHT11_Init                               0x08001c41   Thumb Code    22  dht11.o(i.DHT11_Init)
    DHT11_Read                               0x08001c99   Thumb Code   252  dht11.o(i.DHT11_Read)
    DS18B20_Init                             0x08001e21   Thumb Code    22  ds18b20.o(i.DS18B20_Init)
    DS18B20_ReadByte                         0x08001eaf   Thumb Code    38  ds18b20.o(i.DS18B20_ReadByte)
    DS18B20_ReadTemp                         0x08001ef1   Thumb Code    96  ds18b20.o(i.DS18B20_ReadTemp)
    DS18B20_Reset                            0x08001f51   Thumb Code    70  ds18b20.o(i.DS18B20_Reset)
    DS18B20_StartConvert                     0x08001f97   Thumb Code    22  ds18b20.o(i.DS18B20_StartConvert)
    DS18B20_WriteByte                        0x08001fe5   Thumb Code    32  ds18b20.o(i.DS18B20_WriteByte)
    ENC_GetCount                             0x08002029   Thumb Code     6  encoder.o(i.ENC_GetCount)
    ENC_Init                                 0x08002035   Thumb Code   162  encoder.o(i.ENC_Init)
    ENC_Reset                                0x080020e5   Thumb Code     8  encoder.o(i.ENC_Reset)
    ENC_Z_IsPressed                          0x080020f1   Thumb Code    22  encoder.o(i.ENC_Z_IsPressed)
    EXTI0_IRQHandler                         0x0800210d   Thumb Code    58  infrared.o(i.EXTI0_IRQHandler)
    EXTI2_IRQHandler                         0x08002151   Thumb Code    24  gpio_in.o(i.EXTI2_IRQHandler)
    EXTI3_IRQHandler                         0x0800216d   Thumb Code    24  gpio_in.o(i.EXTI3_IRQHandler)
    EXTI9_5_IRQHandler                       0x08002189   Thumb Code    50  encoder.o(i.EXTI9_5_IRQHandler)
    EXTI_ClearITPendingBit                   0x080021c5   Thumb Code     6  stm32f10x_exti.o(i.EXTI_ClearITPendingBit)
    EXTI_GetITStatus                         0x080021d1   Thumb Code    34  stm32f10x_exti.o(i.EXTI_GetITStatus)
    EXTI_Init                                0x080021f9   Thumb Code   142  stm32f10x_exti.o(i.EXTI_Init)
    Exp10_Relay                              0x0800228d   Thumb Code   430  main.o(i.Exp10_Relay)
    Exp11_DHT11                              0x08002581   Thumb Code   260  main.o(i.Exp11_DHT11)
    Exp12_Thermistor                         0x080027a5   Thumb Code   256  main.o(i.Exp12_Thermistor)
    Exp13_DS18B20                            0x0800297d   Thumb Code   354  main.o(i.Exp13_DS18B20)
    Exp14_DA                                 0x08002bbd   Thumb Code   390  main.o(i.Exp14_DA)
    Exp15_RS232                              0x08002e29   Thumb Code   286  main.o(i.Exp15_RS232)
    Exp16_RS485                              0x08003079   Thumb Code   272  main.o(i.Exp16_RS485)
    Exp17_Infrared                           0x08003275   Thumb Code   398  main.o(i.Exp17_Infrared)
    Exp18_Encoder                            0x080034fd   Thumb Code   222  main.o(i.Exp18_Encoder)
    Exp18_StepperMotor                       0x080036b1   Thumb Code   312  main.o(i.Exp18_StepperMotor)
    Exp19_DCMotorPWM                         0x08003921   Thumb Code   150  main.o(i.Exp19_DCMotorPWM)
    Exp1_LED_Flowing                         0x08003a65   Thumb Code   202  main.o(i.Exp1_LED_Flowing)
    Exp20_Servo                              0x08003b7d   Thumb Code   214  main.o(i.Exp20_Servo)
    Exp2_KeyPolling                          0x08003d11   Thumb Code   288  main.o(i.Exp2_KeyPolling)
    Exp3_LightSensor                         0x08003ead   Thumb Code   292  main.o(i.Exp3_LightSensor)
    Exp4_USART1_Echo                         0x08004081   Thumb Code   218  main.o(i.Exp4_USART1_Echo)
    Exp5_TrafficLight                        0x080041cd   Thumb Code   358  main.o(i.Exp5_TrafficLight)
    Exp6_LCD12864                            0x080043f1   Thumb Code   362  main.o(i.Exp6_LCD12864)
    Exp7_CH451                               0x08004699   Thumb Code   268  main.o(i.Exp7_CH451)
    Exp8_IndependentKeys                     0x080048ad   Thumb Code   432  main.o(i.Exp8_IndependentKeys)
    Exp9_DIPSwitch                           0x08004b0d   Thumb Code   274  main.o(i.Exp9_DIPSwitch)
    GPIO_EXTILineConfig                      0x08004c8d   Thumb Code    60  stm32f10x_gpio.o(i.GPIO_EXTILineConfig)
    GPIO_Init                                0x08004ccd   Thumb Code   278  stm32f10x_gpio.o(i.GPIO_Init)
    GPIO_PinRemapConfig                      0x08004de5   Thumb Code   138  stm32f10x_gpio.o(i.GPIO_PinRemapConfig)
    GPIO_ReadInputDataBit                    0x08004e75   Thumb Code    18  stm32f10x_gpio.o(i.GPIO_ReadInputDataBit)
    GPIO_ResetBits                           0x08004e87   Thumb Code     4  stm32f10x_gpio.o(i.GPIO_ResetBits)
    GPIO_SetBits                             0x08004e8b   Thumb Code     4  stm32f10x_gpio.o(i.GPIO_SetBits)
    IKEY_EXTI_DeInit                         0x08004e8f   Thumb Code    84  gpio_in.o(i.IKEY_EXTI_DeInit)
    IKEY_EXTI_Init                           0x08004ee5   Thumb Code   178  gpio_in.o(i.IKEY_EXTI_Init)
    IKEY_Init                                0x08004fa5   Thumb Code    60  gpio_in.o(i.IKEY_Init)
    IKEY_Read                                0x08004fe9   Thumb Code    68  gpio_in.o(i.IKEY_Read)
    IR_Decode                                0x08005035   Thumb Code   238  infrared.o(i.IR_Decode)
    IR_EXTI_Disable                          0x08005123   Thumb Code    38  infrared.o(i.IR_EXTI_Disable)
    IR_EXTI_Enable                           0x08005149   Thumb Code    44  infrared.o(i.IR_EXTI_Enable)
    IR_Init                                  0x08005195   Thumb Code   106  infrared.o(i.IR_Init)
    LCD12864_Backlight                       0x08005275   Thumb Code    30  lcd12864.o(i.LCD12864_Backlight)
    LCD12864_Clear                           0x08005299   Thumb Code    16  lcd12864.o(i.LCD12864_Clear)
    LCD12864_Init                            0x080052a9   Thumb Code   200  lcd12864.o(i.LCD12864_Init)
    LCD12864_SetPos                          0x080053c9   Thumb Code    32  lcd12864.o(i.LCD12864_SetPos)
    LCD12864_WriteString                     0x08005465   Thumb Code    22  lcd12864.o(i.LCD12864_WriteString)
    LED_AllOff                               0x0800547d   Thumb Code    14  gpio_out.o(i.LED_AllOff)
    LED_Init                                 0x08005491   Thumb Code    50  gpio_out.o(i.LED_Init)
    LED_Set                                  0x080054c9   Thumb Code    44  gpio_out.o(i.LED_Set)
    Light_Percent                            0x080054fd   Thumb Code    32  sensor_adc.o(i.Light_Percent)
    Motor_Init                               0x0800551d   Thumb Code   154  timer_pwm.o(i.Motor_Init)
    Motor_SetDir                             0x080055c1   Thumb Code    46  timer_pwm.o(i.Motor_SetDir)
    Motor_SetSpeed                           0x080055f9   Thumb Code    38  timer_pwm.o(i.Motor_SetSpeed)
    Motor_Stop                               0x08005629   Thumb Code    20  timer_pwm.o(i.Motor_Stop)
    NVIC_Init                                0x08005641   Thumb Code   100  misc.o(i.NVIC_Init)
    NVIC_PriorityGroupConfig                 0x080056b1   Thumb Code    10  misc.o(i.NVIC_PriorityGroupConfig)
    RCC_APB1PeriphClockCmd                   0x080056c5   Thumb Code    26  stm32f10x_rcc.o(i.RCC_APB1PeriphClockCmd)
    RCC_APB2PeriphClockCmd                   0x080056e5   Thumb Code    26  stm32f10x_rcc.o(i.RCC_APB2PeriphClockCmd)
    RCC_APB2PeriphResetCmd                   0x08005705   Thumb Code    26  stm32f10x_rcc.o(i.RCC_APB2PeriphResetCmd)
    RCC_GetClocksFreq                        0x08005725   Thumb Code   192  stm32f10x_rcc.o(i.RCC_GetClocksFreq)
    RS232_Init                               0x080057f9   Thumb Code   182  rs232.o(i.RS232_Init)
    RS232_ReadByte                           0x080058c9   Thumb Code    54  rs232.o(i.RS232_ReadByte)
    RS232_RxAvailable                        0x0800590d   Thumb Code     6  rs232.o(i.RS232_RxAvailable)
    RS232_SendByte                           0x08005919   Thumb Code    28  rs232.o(i.RS232_SendByte)
    RS232_SendString                         0x08005939   Thumb Code    22  rs232.o(i.RS232_SendString)
    RS485_Init                               0x08005951   Thumb Code   214  rs485.o(i.RS485_Init)
    RS485_ReadByte                           0x08005a41   Thumb Code    54  rs485.o(i.RS485_ReadByte)
    RS485_RxAvailable                        0x08005a85   Thumb Code     6  rs485.o(i.RS485_RxAvailable)
    RS485_SendByte                           0x08005a91   Thumb Code    70  rs485.o(i.RS485_SendByte)
    RS485_SendString                         0x08005add   Thumb Code    22  rs485.o(i.RS485_SendString)
    RS485_SetRX                              0x08005af5   Thumb Code    14  rs485.o(i.RS485_SetRX)
    RS485_SetTX                              0x08005b09   Thumb Code    14  rs485.o(i.RS485_SetTX)
    Relay_Init                               0x08005b1d   Thumb Code    60  relay.o(i.Relay_Init)
    Relay_Set                                0x08005b5d   Thumb Code    56  relay.o(i.Relay_Set)
    SW_Init                                  0x08005c41   Thumb Code   168  gpio_in.o(i.SW_Init)
    SW_ReadAll                               0x08005cfd   Thumb Code   126  gpio_in.o(i.SW_ReadAll)
    Stepper_Init                             0x08005e75   Thumb Code    62  stepper.o(i.Stepper_Init)
    Stepper_StepCCW                          0x08005f35   Thumb Code    88  stepper.o(i.Stepper_StepCCW)
    Stepper_StepCW                           0x08005fed   Thumb Code    84  stepper.o(i.Stepper_StepCW)
    Stepper_Stop                             0x080060a1   Thumb Code    14  stepper.o(i.Stepper_Stop)
    SystemInit                               0x080060b5   Thumb Code    78  system_stm32f10x.o(i.SystemInit)
    TIM4_Servo_Init                          0x08006115   Thumb Code   142  timer_pwm.o(i.TIM4_Servo_Init)
    TIM4_Servo_SetAngle                      0x080061ad   Thumb Code    38  timer_pwm.o(i.TIM4_Servo_SetAngle)
    TIM_Cmd                                  0x080061d9   Thumb Code    24  stm32f10x_tim.o(i.TIM_Cmd)
    TIM_OC1Init                              0x080061f1   Thumb Code   132  stm32f10x_tim.o(i.TIM_OC1Init)
    TIM_OC2Init                              0x08006289   Thumb Code   154  stm32f10x_tim.o(i.TIM_OC2Init)
    TIM_OC3Init                              0x0800632d   Thumb Code   150  stm32f10x_tim.o(i.TIM_OC3Init)
    TIM_SetCompare1                          0x080063cd   Thumb Code     4  stm32f10x_tim.o(i.TIM_SetCompare1)
    TIM_SetCompare2                          0x080063d1   Thumb Code     4  stm32f10x_tim.o(i.TIM_SetCompare2)
    TIM_SetCompare3                          0x080063d5   Thumb Code     4  stm32f10x_tim.o(i.TIM_SetCompare3)
    TIM_SetCounter                           0x080063d9   Thumb Code     4  stm32f10x_tim.o(i.TIM_SetCounter)
    TIM_TimeBaseInit                         0x080063dd   Thumb Code   122  stm32f10x_tim.o(i.TIM_TimeBaseInit)
    TLC5615_Init                             0x08006481   Thumb Code    66  tlc5615.o(i.TLC5615_Init)
    TLC5615_SetValue                         0x0800653d   Thumb Code    26  tlc5615.o(i.TLC5615_SetValue)
    TrafficLight_Init                        0x08006559   Thumb Code    54  gpio_out.o(i.TrafficLight_Init)
    TrafficLight_Set                         0x08006595   Thumb Code   104  gpio_out.o(i.TrafficLight_Set)
    UART4_IRQHandler                         0x08006601   Thumb Code    74  rs485.o(i.UART4_IRQHandler)
    USART1_IRQHandler                        0x0800665d   Thumb Code    74  usart_debug.o(i.USART1_IRQHandler)
    USART3_IRQHandler                        0x080066b9   Thumb Code    74  rs232.o(i.USART3_IRQHandler)
    USART_Cmd                                0x08006715   Thumb Code    24  stm32f10x_usart.o(i.USART_Cmd)
    USART_GetFlagStatus                      0x0800672d   Thumb Code    26  stm32f10x_usart.o(i.USART_GetFlagStatus)
    USART_GetITStatus                        0x08006747   Thumb Code    84  stm32f10x_usart.o(i.USART_GetITStatus)
    USART_ITConfig                           0x0800679b   Thumb Code    74  stm32f10x_usart.o(i.USART_ITConfig)
    USART_Init                               0x080067e5   Thumb Code   210  stm32f10x_usart.o(i.USART_Init)
    USART_RX_Available                       0x080068bd   Thumb Code     6  usart_debug.o(i.USART_RX_Available)
    USART_RX_DeInit                          0x080068c9   Thumb Code    16  usart_debug.o(i.USART_RX_DeInit)
    USART_RX_Flush                           0x080068dd   Thumb Code    16  usart_debug.o(i.USART_RX_Flush)
    USART_RX_Init                            0x080068f9   Thumb Code    44  usart_debug.o(i.USART_RX_Init)
    USART_RX_Read                            0x08006929   Thumb Code    54  usart_debug.o(i.USART_RX_Read)
    USART_ReceiveData                        0x0800696d   Thumb Code    10  stm32f10x_usart.o(i.USART_ReceiveData)
    USART_SendData                           0x08006977   Thumb Code     8  stm32f10x_usart.o(i.USART_SendData)
    WKUP_Init                                0x08006981   Thumb Code    32  main.o(i.WKUP_Init)
    WKUP_IsPressed                           0x080069a5   Thumb Code    20  main.o(i.WKUP_IsPressed)
    __ARM_fpclassify                         0x080069bd   Thumb Code    40  fpclassify.o(i.__ARM_fpclassify)
    _is_digit                                0x080069e5   Thumb Code    14  __printf_wp.o(i._is_digit)
    _sys_exit                                0x080069f3   Thumb Code     2  usart.o(i._sys_exit)
    delay_ms                                 0x080069f5   Thumb Code    66  delay.o(i.delay_ms)
    delay_us                                 0x08006a3d   Thumb Code    34  delay_us.o(i.delay_us)
    delay_us_init                            0x08006a6d   Thumb Code    30  delay_us.o(i.delay_us_init)
    fputc                                    0x08006a95   Thumb Code    24  usart.o(i.fputc)
    freertos_init                            0x08006ab1   Thumb Code    60  freertos_tasks.o(i.freertos_init)
    main                                     0x08006b15   Thumb Code   120  main.o(i.main)
    pvPortMalloc                             0x08007145   Thumb Code   166  heap_2.o(i.pvPortMalloc)
    pxPortInitialiseStack                    0x080071fd   Thumb Code    30  port.o(i.pxPortInitialiseStack)
    usart_init                               0x08007221   Thumb Code   118  usart.o(i.usart_init)
    uxListRemove                             0x080072a1   Thumb Code    40  list.o(i.uxListRemove)
    vControlTask                             0x080072c9   Thumb Code   100  freertos_tasks.o(i.vControlTask)
    vExperimentTask                          0x08007339   Thumb Code    48  freertos_tasks.o(i.vExperimentTask)
    vListInitialise                          0x08007395   Thumb Code    26  list.o(i.vListInitialise)
    vListInitialiseItem                      0x080073af   Thumb Code     6  list.o(i.vListInitialiseItem)
    vListInsert                              0x080073b5   Thumb Code    52  list.o(i.vListInsert)
    vListInsertEnd                           0x080073e9   Thumb Code    24  list.o(i.vListInsertEnd)
    vPortEnterCritical                       0x08007401   Thumb Code    30  port.o(i.vPortEnterCritical)
    vPortExitCritical                        0x08007425   Thumb Code    28  port.o(i.vPortExitCritical)
    vPortFree                                0x08007445   Thumb Code    56  heap_2.o(i.vPortFree)
    vPortSetupTimerInterrupt                 0x08007485   Thumb Code    14  port.o(i.vPortSetupTimerInterrupt)
    vTaskDelay                               0x08007499   Thumb Code    46  tasks.o(i.vTaskDelay)
    vTaskMissedYield                         0x080074cd   Thumb Code     8  tasks.o(i.vTaskMissedYield)
    vTaskPlaceOnEventList                    0x080074d9   Thumb Code    28  tasks.o(i.vTaskPlaceOnEventList)
    vTaskSetTimeOutState                     0x080074f9   Thumb Code    14  tasks.o(i.vTaskSetTimeOutState)
    vTaskStartScheduler                      0x08007511   Thumb Code    72  tasks.o(i.vTaskStartScheduler)
    vTaskSuspendAll                          0x08007575   Thumb Code    12  tasks.o(i.vTaskSuspendAll)
    vTaskSwitchContext                       0x08007585   Thumb Code    76  tasks.o(i.vTaskSwitchContext)
    xPortStartScheduler                      0x080075e5   Thumb Code    42  port.o(i.xPortStartScheduler)
    xPortSysTickHandler                      0x08007619   Thumb Code    46  port.o(i.xPortSysTickHandler)
    xQueueGenericCreate                      0x0800764d   Thumb Code    56  queue.o(i.xQueueGenericCreate)
    xQueueGenericReceive                     0x08007685   Thumb Code   312  queue.o(i.xQueueGenericReceive)
    xQueueGenericReset                       0x080077c1   Thumb Code   122  queue.o(i.xQueueGenericReset)
    xQueueGenericSend                        0x08007841   Thumb Code   276  queue.o(i.xQueueGenericSend)
    xTaskCheckForTimeOut                     0x08007959   Thumb Code    84  tasks.o(i.xTaskCheckForTimeOut)
    xTaskCreate                              0x080079b5   Thumb Code    96  tasks.o(i.xTaskCreate)
    xTaskIncrementTick                       0x08007a15   Thumb Code   238  tasks.o(i.xTaskIncrementTick)
    xTaskRemoveFromEventList                 0x08007b31   Thumb Code   104  tasks.o(i.xTaskRemoveFromEventList)
    xTaskResumeAll                           0x08007bb1   Thumb Code   196  tasks.o(i.xTaskResumeAll)
    _get_lc_numeric                          0x08007c99   Thumb Code    44  lc_numeric_c.o(locale$$code)
    __fpl_dretinf                            0x08007cc5   Thumb Code    12  dretinf.o(x$fpl$dretinf)
    __aeabi_f2d                              0x08007cd1   Thumb Code     0  f2d.o(x$fpl$f2d)
    _f2d                                     0x08007cd1   Thumb Code    86  f2d.o(x$fpl$f2d)
    __aeabi_fdiv                             0x08007d29   Thumb Code     0  fdiv.o(x$fpl$fdiv)
    _fdiv                                    0x08007d29   Thumb Code   384  fdiv.o(x$fpl$fdiv)
    __aeabi_ui2f                             0x08007ead   Thumb Code     0  fflt_clz.o(x$fpl$ffltu)
    _ffltu                                   0x08007ead   Thumb Code    38  fflt_clz.o(x$fpl$ffltu)
    __aeabi_fmul                             0x08007ed5   Thumb Code     0  fmul.o(x$fpl$fmul)
    _fmul                                    0x08007ed5   Thumb Code   258  fmul.o(x$fpl$fmul)
    __fpl_fnaninf                            0x08007fd7   Thumb Code   140  fnaninf.o(x$fpl$fnaninf)
    __fpl_fretinf                            0x08008063   Thumb Code    10  fretinf.o(x$fpl$fretinf)
    _printf_fp_dec                           0x0800806d   Thumb Code     4  printf1.o(x$fpl$printf1)
    __I$use$fp                               0x08008070   Number         0  usenofp.o(x$fpl$usenofp)
    Region$$Table$$Base                      0x0800815c   Number         0  anon$$obj.o(Region$$Table)
    Region$$Table$$Limit                     0x0800817c   Number         0  anon$$obj.o(Region$$Table)
    xModeQueue                               0x20000000   Data           4  freertos_tasks.o(.data)
    stop_requested                           0x20000004   Data           1  freertos_tasks.o(.data)
    scheduler_started                        0x20000005   Data           1  freertos_tasks.o(.data)
    xControlTaskHandle                       0x20000008   Data           4  freertos_tasks.o(.data)
    xExperimentTaskHandle                    0x2000000c   Data           4  freertos_tasks.o(.data)
    __stdout                                 0x20000010   Data           4  usart.o(.data)
    ikey_pressed                             0x20000017   Data           4  gpio_in.o(.data)
    ir_received                              0x2000001b   Data           1  infrared.o(.data)
    enc_count                                0x20000024   Data           4  encoder.o(.data)
    pxCurrentTCB                             0x20000048   Data           4  tasks.o(.data)
    SystemCoreClock                          0x20000098   Data           4  system_stm32f10x.o(.data)
    AHBPrescTable                            0x2000009c   Data          16  system_stm32f10x.o(.data)
    __libspace_start                         0x20004874   Data          96  libspace.o(.bss)
    __temporary_stack_top$libspace           0x200048d4   Data           0  libspace.o(.bss)



==============================================================================

Memory Map of the image

  Image Entry point : 0x08000131

  Load Region LR_IROM1 (Base: 0x08000000, Size: 0x00008244, Max: 0x00080000, ABSOLUTE)

    Execution Region ER_IROM1 (Exec base: 0x08000000, Load base: 0x08000000, Size: 0x00008198, Max: 0x00080000, ABSOLUTE)

    Exec Addr    Load Addr    Size         Type   Attr      Idx    E Section Name        Object

    0x08000000   0x08000000   0x00000130   Data   RO         3743    RESET               startup_stm32f10x_hd.o
    0x08000130   0x08000130   0x00000008   Code   RO         3866  * !!!main             c_w.l(__main.o)
    0x08000138   0x08000138   0x00000034   Code   RO         4130    !!!scatter          c_w.l(__scatter.o)
    0x0800016c   0x0800016c   0x0000001a   Code   RO         4132    !!handler_copy      c_w.l(__scatter_copy.o)
    0x08000186   0x08000186   0x00000002   PAD
    0x08000188   0x08000188   0x0000001c   Code   RO         4134    !!handler_zi        c_w.l(__scatter_zi.o)
    0x080001a4   0x080001a4   0x00000000   Code   RO         3861    .ARM.Collect$$_printf_percent$$00000000  c_w.l(_printf_percent.o)
    0x080001a4   0x080001a4   0x00000006   Code   RO         3860    .ARM.Collect$$_printf_percent$$00000003  c_w.l(_printf_f.o)
    0x080001aa   0x080001aa   0x00000006   Code   RO         3858    .ARM.Collect$$_printf_percent$$00000009  c_w.l(_printf_d.o)
    0x080001b0   0x080001b0   0x00000006   Code   RO         3859    .ARM.Collect$$_printf_percent$$0000000A  c_w.l(_printf_u.o)
    0x080001b6   0x080001b6   0x00000006   Code   RO         3857    .ARM.Collect$$_printf_percent$$0000000C  c_w.l(_printf_x.o)
    0x080001bc   0x080001bc   0x00000006   Code   RO         3855    .ARM.Collect$$_printf_percent$$00000013  c_w.l(_printf_c.o)
    0x080001c2   0x080001c2   0x00000006   Code   RO         3856    .ARM.Collect$$_printf_percent$$00000014  c_w.l(_printf_s.o)
    0x080001c8   0x080001c8   0x00000004   Code   RO         3919    .ARM.Collect$$_printf_percent$$00000017  c_w.l(_printf_percent_end.o)
    0x080001cc   0x080001cc   0x00000002   Code   RO         4007    .ARM.Collect$$libinit$$00000000  c_w.l(libinit.o)
    0x080001ce   0x080001ce   0x00000000   Code   RO         4009    .ARM.Collect$$libinit$$00000002  c_w.l(libinit2.o)
    0x080001ce   0x080001ce   0x00000000   Code   RO         4011    .ARM.Collect$$libinit$$00000004  c_w.l(libinit2.o)
    0x080001ce   0x080001ce   0x00000000   Code   RO         4014    .ARM.Collect$$libinit$$0000000A  c_w.l(libinit2.o)
    0x080001ce   0x080001ce   0x00000000   Code   RO         4016    .ARM.Collect$$libinit$$0000000C  c_w.l(libinit2.o)
    0x080001ce   0x080001ce   0x00000000   Code   RO         4018    .ARM.Collect$$libinit$$0000000E  c_w.l(libinit2.o)
    0x080001ce   0x080001ce   0x00000006   Code   RO         4019    .ARM.Collect$$libinit$$0000000F  c_w.l(libinit2.o)
    0x080001d4   0x080001d4   0x00000000   Code   RO         4021    .ARM.Collect$$libinit$$00000011  c_w.l(libinit2.o)
    0x080001d4   0x080001d4   0x00000000   Code   RO         4023    .ARM.Collect$$libinit$$00000013  c_w.l(libinit2.o)
    0x080001d4   0x080001d4   0x00000000   Code   RO         4025    .ARM.Collect$$libinit$$00000015  c_w.l(libinit2.o)
    0x080001d4   0x080001d4   0x0000000a   Code   RO         4026    .ARM.Collect$$libinit$$00000016  c_w.l(libinit2.o)
    0x080001de   0x080001de   0x00000000   Code   RO         4027    .ARM.Collect$$libinit$$00000017  c_w.l(libinit2.o)
    0x080001de   0x080001de   0x00000000   Code   RO         4029    .ARM.Collect$$libinit$$00000019  c_w.l(libinit2.o)
    0x080001de   0x080001de   0x00000000   Code   RO         4031    .ARM.Collect$$libinit$$0000001B  c_w.l(libinit2.o)
    0x080001de   0x080001de   0x00000000   Code   RO         4033    .ARM.Collect$$libinit$$0000001D  c_w.l(libinit2.o)
    0x080001de   0x080001de   0x00000000   Code   RO         4035    .ARM.Collect$$libinit$$0000001F  c_w.l(libinit2.o)
    0x080001de   0x080001de   0x00000000   Code   RO         4037    .ARM.Collect$$libinit$$00000021  c_w.l(libinit2.o)
    0x080001de   0x080001de   0x00000000   Code   RO         4039    .ARM.Collect$$libinit$$00000023  c_w.l(libinit2.o)
    0x080001de   0x080001de   0x00000000   Code   RO         4041    .ARM.Collect$$libinit$$00000025  c_w.l(libinit2.o)
    0x080001de   0x080001de   0x00000000   Code   RO         4045    .ARM.Collect$$libinit$$0000002C  c_w.l(libinit2.o)
    0x080001de   0x080001de   0x00000000   Code   RO         4047    .ARM.Collect$$libinit$$0000002E  c_w.l(libinit2.o)
    0x080001de   0x080001de   0x00000000   Code   RO         4049    .ARM.Collect$$libinit$$00000030  c_w.l(libinit2.o)
    0x080001de   0x080001de   0x00000000   Code   RO         4051    .ARM.Collect$$libinit$$00000032  c_w.l(libinit2.o)
    0x080001de   0x080001de   0x00000002   Code   RO         4052    .ARM.Collect$$libinit$$00000033  c_w.l(libinit2.o)
    0x080001e0   0x080001e0   0x00000002   Code   RO         4080    .ARM.Collect$$libshutdown$$00000000  c_w.l(libshutdown.o)
    0x080001e2   0x080001e2   0x00000000   Code   RO         4089    .ARM.Collect$$libshutdown$$00000002  c_w.l(libshutdown2.o)
    0x080001e2   0x080001e2   0x00000000   Code   RO         4091    .ARM.Collect$$libshutdown$$00000004  c_w.l(libshutdown2.o)
    0x080001e2   0x080001e2   0x00000000   Code   RO         4094    .ARM.Collect$$libshutdown$$00000007  c_w.l(libshutdown2.o)
    0x080001e2   0x080001e2   0x00000000   Code   RO         4097    .ARM.Collect$$libshutdown$$0000000A  c_w.l(libshutdown2.o)
    0x080001e2   0x080001e2   0x00000000   Code   RO         4099    .ARM.Collect$$libshutdown$$0000000C  c_w.l(libshutdown2.o)
    0x080001e2   0x080001e2   0x00000000   Code   RO         4102    .ARM.Collect$$libshutdown$$0000000F  c_w.l(libshutdown2.o)
    0x080001e2   0x080001e2   0x00000002   Code   RO         4103    .ARM.Collect$$libshutdown$$00000010  c_w.l(libshutdown2.o)
    0x080001e4   0x080001e4   0x00000000   Code   RO         3906    .ARM.Collect$$rtentry$$00000000  c_w.l(__rtentry.o)
    0x080001e4   0x080001e4   0x00000000   Code   RO         3932    .ARM.Collect$$rtentry$$00000002  c_w.l(__rtentry2.o)
    0x080001e4   0x080001e4   0x00000006   Code   RO         3944    .ARM.Collect$$rtentry$$00000004  c_w.l(__rtentry4.o)
    0x080001ea   0x080001ea   0x00000000   Code   RO         3934    .ARM.Collect$$rtentry$$00000009  c_w.l(__rtentry2.o)
    0x080001ea   0x080001ea   0x00000004   Code   RO         3935    .ARM.Collect$$rtentry$$0000000A  c_w.l(__rtentry2.o)
    0x080001ee   0x080001ee   0x00000000   Code   RO         3937    .ARM.Collect$$rtentry$$0000000C  c_w.l(__rtentry2.o)
    0x080001ee   0x080001ee   0x00000008   Code   RO         3938    .ARM.Collect$$rtentry$$0000000D  c_w.l(__rtentry2.o)
    0x080001f6   0x080001f6   0x00000002   Code   RO         4053    .ARM.Collect$$rtexit$$00000000  c_w.l(rtexit.o)
    0x080001f8   0x080001f8   0x00000000   Code   RO         4060    .ARM.Collect$$rtexit$$00000002  c_w.l(rtexit2.o)
    0x080001f8   0x080001f8   0x00000004   Code   RO         4061    .ARM.Collect$$rtexit$$00000003  c_w.l(rtexit2.o)
    0x080001fc   0x080001fc   0x00000006   Code   RO         4062    .ARM.Collect$$rtexit$$00000004  c_w.l(rtexit2.o)
    0x08000202   0x08000202   0x00000002   PAD
    0x08000204   0x08000204   0x00000096   Code   RO         1814    .emb_text           port.o
    0x0800029a   0x0800029a   0x00000002   PAD
    0x0800029c   0x0800029c   0x00000040   Code   RO         3744    .text               startup_stm32f10x_hd.o
    0x080002dc   0x080002dc   0x00000002   Code   RO         3796    .text               c_w.l(use_no_semi_2.o)
    0x080002de   0x080002de   0x00000002   PAD
    0x080002e0   0x080002e0   0x00000018   Code   RO         3802    .text               c_w.l(noretval__2printf.o)
    0x080002f8   0x080002f8   0x00000028   Code   RO         3804    .text               c_w.l(noretval__2sprintf.o)
    0x08000320   0x08000320   0x0000004e   Code   RO         3808    .text               c_w.l(_printf_pad.o)
    0x0800036e   0x0800036e   0x00000052   Code   RO         3810    .text               c_w.l(_printf_str.o)
    0x080003c0   0x080003c0   0x00000078   Code   RO         3812    .text               c_w.l(_printf_dec.o)
    0x08000438   0x08000438   0x00000058   Code   RO         3817    .text               c_w.l(_printf_hex_int.o)
    0x08000490   0x08000490   0x00000188   Code   RO         3852    .text               c_w.l(__printf_flags_ss_wp.o)
    0x08000618   0x08000618   0x0000008a   Code   RO         3862    .text               c_w.l(rt_memcpy_v6.o)
    0x080006a2   0x080006a2   0x00000006   Code   RO         3864    .text               c_w.l(heapauxi.o)
    0x080006a8   0x080006a8   0x00000002   Code   RO         3904    .text               c_w.l(use_no_semi.o)
    0x080006aa   0x080006aa   0x000000b2   Code   RO         3907    .text               c_w.l(_printf_intcommon.o)
    0x0800075c   0x0800075c   0x0000041e   Code   RO         3909    .text               c_w.l(_printf_fp_dec.o)
    0x08000b7a   0x08000b7a   0x00000002   PAD
    0x08000b7c   0x08000b7c   0x00000030   Code   RO         3911    .text               c_w.l(_printf_char_common.o)
    0x08000bac   0x08000bac   0x0000000a   Code   RO         3913    .text               c_w.l(_sputc.o)
    0x08000bb6   0x08000bb6   0x0000002c   Code   RO         3915    .text               c_w.l(_printf_char.o)
    0x08000be2   0x08000be2   0x00000002   PAD
    0x08000be4   0x08000be4   0x00000024   Code   RO         3917    .text               c_w.l(_printf_char_file.o)
    0x08000c08   0x08000c08   0x00000064   Code   RO         3920    .text               c_w.l(rt_memcpy_w.o)
    0x08000c6c   0x08000c6c   0x00000008   Code   RO         3949    .text               c_w.l(rt_locale_intlibspace.o)
    0x08000c74   0x08000c74   0x0000008a   Code   RO         3951    .text               c_w.l(lludiv10.o)
    0x08000cfe   0x08000cfe   0x00000002   PAD
    0x08000d00   0x08000d00   0x00000080   Code   RO         3953    .text               c_w.l(_printf_fp_infnan.o)
    0x08000d80   0x08000d80   0x000000e4   Code   RO         3957    .text               c_w.l(bigflt0.o)
    0x08000e64   0x08000e64   0x00000008   Code   RO         3982    .text               c_w.l(ferror.o)
    0x08000e6c   0x08000e6c   0x00000008   Code   RO         3993    .text               c_w.l(libspace.o)
    0x08000e74   0x08000e74   0x0000004a   Code   RO         3996    .text               c_w.l(sys_stackheap_outer.o)
    0x08000ebe   0x08000ebe   0x00000012   Code   RO         3998    .text               c_w.l(exit.o)
    0x08000ed0   0x08000ed0   0x00000080   Code   RO         4000    .text               c_w.l(strcmpv7m.o)
    0x08000f50   0x08000f50   0x0000003e   Code   RO         3960    CL$$btod_d2e        c_w.l(btod.o)
    0x08000f8e   0x08000f8e   0x00000046   Code   RO         3962    CL$$btod_d2e_denorm_low  c_w.l(btod.o)
    0x08000fd4   0x08000fd4   0x00000060   Code   RO         3961    CL$$btod_d2e_norm_op1  c_w.l(btod.o)
    0x08001034   0x08001034   0x00000338   Code   RO         3970    CL$$btod_div_common  c_w.l(btod.o)
    0x0800136c   0x0800136c   0x000000dc   Code   RO         3967    CL$$btod_e2e        c_w.l(btod.o)
    0x08001448   0x08001448   0x0000002a   Code   RO         3964    CL$$btod_ediv       c_w.l(btod.o)
    0x08001472   0x08001472   0x0000002a   Code   RO         3963    CL$$btod_emul       c_w.l(btod.o)
    0x0800149c   0x0800149c   0x00000244   Code   RO         3969    CL$$btod_mult_common  c_w.l(btod.o)
    0x080016e0   0x080016e0   0x000000bc   Code   RO         1641    i.ADC1_Init         sensor_adc.o
    0x0800179c   0x0800179c   0x00000028   Code   RO         1642    i.ADC1_ReadAvg      sensor_adc.o
    0x080017c4   0x080017c4   0x00000034   Code   RO         1643    i.ADC1_ReadChannel  sensor_adc.o
    0x080017f8   0x080017f8   0x00000016   Code   RO         2360    i.ADC_Cmd           stm32f10x_adc.o
    0x0800180e   0x0800180e   0x00000002   PAD
    0x08001810   0x08001810   0x0000005c   Code   RO         2362    i.ADC_DeInit        stm32f10x_adc.o
    0x0800186c   0x0800186c   0x00000014   Code   RO         2368    i.ADC_GetCalibrationStatus  stm32f10x_adc.o
    0x08001880   0x08001880   0x00000008   Code   RO         2369    i.ADC_GetConversionValue  stm32f10x_adc.o
    0x08001888   0x08001888   0x00000012   Code   RO         2371    i.ADC_GetFlagStatus  stm32f10x_adc.o
    0x0800189a   0x0800189a   0x00000014   Code   RO         2374    i.ADC_GetResetCalibrationStatus  stm32f10x_adc.o
    0x080018ae   0x080018ae   0x00000002   PAD
    0x080018b0   0x080018b0   0x00000050   Code   RO         2378    i.ADC_Init          stm32f10x_adc.o
    0x08001900   0x08001900   0x000000b8   Code   RO         2382    i.ADC_RegularChannelConfig  stm32f10x_adc.o
    0x080019b8   0x080019b8   0x0000000a   Code   RO         2383    i.ADC_ResetCalibration  stm32f10x_adc.o
    0x080019c2   0x080019c2   0x00000016   Code   RO         2385    i.ADC_SoftwareStartConvCmd  stm32f10x_adc.o
    0x080019d8   0x080019d8   0x0000000a   Code   RO         2387    i.ADC_StartCalibration  stm32f10x_adc.o
    0x080019e2   0x080019e2   0x00000002   PAD
    0x080019e4   0x080019e4   0x00000020   Code   RO          762    i.Buzzer_Set        gpio_out.o
    0x08001a04   0x08001a04   0x00000018   Code   RO         1507    i.CH451_Clear       ch451.o
    0x08001a1c   0x08001a1c   0x00000098   Code   RO         1508    i.CH451_DisplayNum  ch451.o
    0x08001ab4   0x08001ab4   0x00000094   Code   RO         1509    i.CH451_Init        ch451.o
    0x08001b48   0x08001b48   0x00000068   Code   RO         1510    i.CH451_ReadKey     ch451.o
    0x08001bb0   0x08001bb0   0x00000026   Code   RO         1512    i.CH451_SetDigit    ch451.o
    0x08001bd6   0x08001bd6   0x00000002   PAD
    0x08001bd8   0x08001bd8   0x00000068   Code   RO         1514    i.CH451_WriteCmd    ch451.o
    0x08001c40   0x08001c40   0x00000016   Code   RO          911    i.DHT11_Init        dht11.o
    0x08001c56   0x08001c56   0x00000002   PAD
    0x08001c58   0x08001c58   0x0000001c   Code   RO          912    i.DHT11_PinIn       dht11.o
    0x08001c74   0x08001c74   0x00000024   Code   RO          913    i.DHT11_PinOut      dht11.o
    0x08001c98   0x08001c98   0x000000fc   Code   RO          914    i.DHT11_Read        dht11.o
    0x08001d94   0x08001d94   0x00000054   Code   RO          915    i.DHT11_ReadByte    dht11.o
    0x08001de8   0x08001de8   0x00000018   Code   RO          916    i.DHT11_ReadPin     dht11.o
    0x08001e00   0x08001e00   0x00000020   Code   RO          917    i.DHT11_WritePin    dht11.o
    0x08001e20   0x08001e20   0x00000016   Code   RO          966    i.DS18B20_Init      ds18b20.o
    0x08001e36   0x08001e36   0x00000002   PAD
    0x08001e38   0x08001e38   0x00000020   Code   RO          967    i.DS18B20_PinIn     ds18b20.o
    0x08001e58   0x08001e58   0x00000024   Code   RO          968    i.DS18B20_PinOut    ds18b20.o
    0x08001e7c   0x08001e7c   0x00000032   Code   RO          969    i.DS18B20_ReadBit   ds18b20.o
    0x08001eae   0x08001eae   0x00000026   Code   RO          970    i.DS18B20_ReadByte  ds18b20.o
    0x08001ed4   0x08001ed4   0x0000001c   Code   RO          971    i.DS18B20_ReadPin   ds18b20.o
    0x08001ef0   0x08001ef0   0x00000060   Code   RO          972    i.DS18B20_ReadTemp  ds18b20.o
    0x08001f50   0x08001f50   0x00000046   Code   RO          973    i.DS18B20_Reset     ds18b20.o
    0x08001f96   0x08001f96   0x00000016   Code   RO          974    i.DS18B20_StartConvert  ds18b20.o
    0x08001fac   0x08001fac   0x00000038   Code   RO          975    i.DS18B20_WriteBit  ds18b20.o
    0x08001fe4   0x08001fe4   0x00000020   Code   RO          976    i.DS18B20_WriteByte  ds18b20.o
    0x08002004   0x08002004   0x00000024   Code   RO          977    i.DS18B20_WritePin  ds18b20.o
    0x08002028   0x08002028   0x0000000c   Code   RO         1371    i.ENC_GetCount      encoder.o
    0x08002034   0x08002034   0x000000b0   Code   RO         1372    i.ENC_Init          encoder.o
    0x080020e4   0x080020e4   0x0000000c   Code   RO         1373    i.ENC_Reset         encoder.o
    0x080020f0   0x080020f0   0x0000001c   Code   RO         1374    i.ENC_Z_IsPressed   encoder.o
    0x0800210c   0x0800210c   0x00000044   Code   RO         1050    i.EXTI0_IRQHandler  infrared.o
    0x08002150   0x08002150   0x0000001c   Code   RO          833    i.EXTI2_IRQHandler  gpio_in.o
    0x0800216c   0x0800216c   0x0000001c   Code   RO          834    i.EXTI3_IRQHandler  gpio_in.o
    0x08002188   0x08002188   0x0000003c   Code   RO         1375    i.EXTI9_5_IRQHandler  encoder.o
    0x080021c4   0x080021c4   0x0000000c   Code   RO         2589    i.EXTI_ClearITPendingBit  stm32f10x_exti.o
    0x080021d0   0x080021d0   0x00000028   Code   RO         2593    i.EXTI_GetITStatus  stm32f10x_exti.o
    0x080021f8   0x080021f8   0x00000094   Code   RO         2594    i.EXTI_Init         stm32f10x_exti.o
    0x0800228c   0x0800228c   0x000002f4   Code   RO            4    i.Exp10_Relay       main.o
    0x08002580   0x08002580   0x00000224   Code   RO            5    i.Exp11_DHT11       main.o
    0x080027a4   0x080027a4   0x000001d8   Code   RO            6    i.Exp12_Thermistor  main.o
    0x0800297c   0x0800297c   0x00000240   Code   RO            7    i.Exp13_DS18B20     main.o
    0x08002bbc   0x08002bbc   0x0000026c   Code   RO            8    i.Exp14_DA          main.o
    0x08002e28   0x08002e28   0x00000250   Code   RO            9    i.Exp15_RS232       main.o
    0x08003078   0x08003078   0x000001fc   Code   RO           10    i.Exp16_RS485       main.o
    0x08003274   0x08003274   0x00000288   Code   RO           11    i.Exp17_Infrared    main.o
    0x080034fc   0x080034fc   0x000001b4   Code   RO           12    i.Exp18_Encoder     main.o
    0x080036b0   0x080036b0   0x00000270   Code   RO           13    i.Exp18_StepperMotor  main.o
    0x08003920   0x08003920   0x00000144   Code   RO           14    i.Exp19_DCMotorPWM  main.o
    0x08003a64   0x08003a64   0x00000118   Code   RO           15    i.Exp1_LED_Flowing  main.o
    0x08003b7c   0x08003b7c   0x00000194   Code   RO           16    i.Exp20_Servo       main.o
    0x08003d10   0x08003d10   0x0000019c   Code   RO           17    i.Exp2_KeyPolling   main.o
    0x08003eac   0x08003eac   0x000001d4   Code   RO           18    i.Exp3_LightSensor  main.o
    0x08004080   0x08004080   0x0000014c   Code   RO           19    i.Exp4_USART1_Echo  main.o
    0x080041cc   0x080041cc   0x00000224   Code   RO           20    i.Exp5_TrafficLight  main.o
    0x080043f0   0x080043f0   0x000002a8   Code   RO           21    i.Exp6_LCD12864     main.o
    0x08004698   0x08004698   0x00000214   Code   RO           22    i.Exp7_CH451        main.o
    0x080048ac   0x080048ac   0x00000260   Code   RO           23    i.Exp8_IndependentKeys  main.o
    0x08004b0c   0x08004b0c   0x00000180   Code   RO           24    i.Exp9_DIPSwitch    main.o
    0x08004c8c   0x08004c8c   0x00000040   Code   RO         2657    i.GPIO_EXTILineConfig  stm32f10x_gpio.o
    0x08004ccc   0x08004ccc   0x00000116   Code   RO         2660    i.GPIO_Init         stm32f10x_gpio.o
    0x08004de2   0x08004de2   0x00000002   PAD
    0x08004de4   0x08004de4   0x00000090   Code   RO         2662    i.GPIO_PinRemapConfig  stm32f10x_gpio.o
    0x08004e74   0x08004e74   0x00000012   Code   RO         2664    i.GPIO_ReadInputDataBit  stm32f10x_gpio.o
    0x08004e86   0x08004e86   0x00000004   Code   RO         2667    i.GPIO_ResetBits    stm32f10x_gpio.o
    0x08004e8a   0x08004e8a   0x00000004   Code   RO         2668    i.GPIO_SetBits      stm32f10x_gpio.o
    0x08004e8e   0x08004e8e   0x00000054   Code   RO          835    i.IKEY_EXTI_DeInit  gpio_in.o
    0x08004ee2   0x08004ee2   0x00000002   PAD
    0x08004ee4   0x08004ee4   0x000000c0   Code   RO          836    i.IKEY_EXTI_Init    gpio_in.o
    0x08004fa4   0x08004fa4   0x00000044   Code   RO          837    i.IKEY_Init         gpio_in.o
    0x08004fe8   0x08004fe8   0x0000004c   Code   RO          838    i.IKEY_Read         gpio_in.o
    0x08005034   0x08005034   0x000000ee   Code   RO         1051    i.IR_Decode         infrared.o
    0x08005122   0x08005122   0x00000026   Code   RO         1052    i.IR_EXTI_Disable   infrared.o
    0x08005148   0x08005148   0x00000030   Code   RO         1053    i.IR_EXTI_Enable    infrared.o
    0x08005178   0x08005178   0x0000001c   Code   RO         1054    i.IR_InRange        infrared.o
    0x08005194   0x08005194   0x00000070   Code   RO         1055    i.IR_Init           infrared.o
    0x08005204   0x08005204   0x00000058   Code   RO         1056    i.IR_PulseWidth     infrared.o
    0x0800525c   0x0800525c   0x00000018   Code   RO         1057    i.IR_ReadPin        infrared.o
    0x08005274   0x08005274   0x00000024   Code   RO         1425    i.LCD12864_Backlight  lcd12864.o
    0x08005298   0x08005298   0x00000010   Code   RO         1426    i.LCD12864_Clear    lcd12864.o
    0x080052a8   0x080052a8   0x000000d0   Code   RO         1429    i.LCD12864_Init     lcd12864.o
    0x08005378   0x08005378   0x00000050   Code   RO         1430    i.LCD12864_SendByte  lcd12864.o
    0x080053c8   0x080053c8   0x00000024   Code   RO         1431    i.LCD12864_SetPos   lcd12864.o
    0x080053ec   0x080053ec   0x0000003c   Code   RO         1433    i.LCD12864_WriteCmd  lcd12864.o
    0x08005428   0x08005428   0x0000003c   Code   RO         1434    i.LCD12864_WriteData  lcd12864.o
    0x08005464   0x08005464   0x00000016   Code   RO         1435    i.LCD12864_WriteString  lcd12864.o
    0x0800547a   0x0800547a   0x00000002   PAD
    0x0800547c   0x0800547c   0x00000014   Code   RO          763    i.LED_AllOff        gpio_out.o
    0x08005490   0x08005490   0x00000038   Code   RO          765    i.LED_Init          gpio_out.o
    0x080054c8   0x080054c8   0x00000034   Code   RO          766    i.LED_Set           gpio_out.o
    0x080054fc   0x080054fc   0x00000020   Code   RO         1644    i.Light_Percent     sensor_adc.o
    0x0800551c   0x0800551c   0x000000a4   Code   RO         1575    i.Motor_Init        timer_pwm.o
    0x080055c0   0x080055c0   0x00000038   Code   RO         1576    i.Motor_SetDir      timer_pwm.o
    0x080055f8   0x080055f8   0x00000030   Code   RO         1577    i.Motor_SetSpeed    timer_pwm.o
    0x08005628   0x08005628   0x00000018   Code   RO         1578    i.Motor_Stop        timer_pwm.o
    0x08005640   0x08005640   0x00000070   Code   RO         2306    i.NVIC_Init         misc.o
    0x080056b0   0x080056b0   0x00000014   Code   RO         2307    i.NVIC_PriorityGroupConfig  misc.o
    0x080056c4   0x080056c4   0x00000020   Code   RO         2782    i.RCC_APB1PeriphClockCmd  stm32f10x_rcc.o
    0x080056e4   0x080056e4   0x00000020   Code   RO         2784    i.RCC_APB2PeriphClockCmd  stm32f10x_rcc.o
    0x08005704   0x08005704   0x00000020   Code   RO         2785    i.RCC_APB2PeriphResetCmd  stm32f10x_rcc.o
    0x08005724   0x08005724   0x000000d4   Code   RO         2792    i.RCC_GetClocksFreq  stm32f10x_rcc.o
    0x080057f8   0x080057f8   0x000000d0   Code   RO         1160    i.RS232_Init        rs232.o
    0x080058c8   0x080058c8   0x00000044   Code   RO         1161    i.RS232_ReadByte    rs232.o
    0x0800590c   0x0800590c   0x0000000c   Code   RO         1162    i.RS232_RxAvailable  rs232.o
    0x08005918   0x08005918   0x00000020   Code   RO         1163    i.RS232_SendByte    rs232.o
    0x08005938   0x08005938   0x00000016   Code   RO         1164    i.RS232_SendString  rs232.o
    0x0800594e   0x0800594e   0x00000002   PAD
    0x08005950   0x08005950   0x000000f0   Code   RO         1217    i.RS485_Init        rs485.o
    0x08005a40   0x08005a40   0x00000044   Code   RO         1218    i.RS485_ReadByte    rs485.o
    0x08005a84   0x08005a84   0x0000000c   Code   RO         1219    i.RS485_RxAvailable  rs485.o
    0x08005a90   0x08005a90   0x0000004c   Code   RO         1220    i.RS485_SendByte    rs485.o
    0x08005adc   0x08005adc   0x00000016   Code   RO         1221    i.RS485_SendString  rs485.o
    0x08005af2   0x08005af2   0x00000002   PAD
    0x08005af4   0x08005af4   0x00000014   Code   RO         1222    i.RS485_SetRX       rs485.o
    0x08005b08   0x08005b08   0x00000014   Code   RO         1223    i.RS485_SetTX       rs485.o
    0x08005b1c   0x08005b1c   0x00000040   Code   RO         1286    i.Relay_Init        relay.o
    0x08005b5c   0x08005b5c   0x0000003c   Code   RO         1287    i.Relay_Set         relay.o
    0x08005b98   0x08005b98   0x000000a6   Code   RO          326    i.RunExperiment     freertos_tasks.o
    0x08005c3e   0x08005c3e   0x00000002   PAD
    0x08005c40   0x08005c40   0x000000bc   Code   RO          839    i.SW_Init           gpio_in.o
    0x08005cfc   0x08005cfc   0x00000090   Code   RO          841    i.SW_ReadAll        gpio_in.o
    0x08005d8c   0x08005d8c   0x00000008   Code   RO         3751    i.SetSysClock       system_stm32f10x.o
    0x08005d94   0x08005d94   0x000000e0   Code   RO         3752    i.SetSysClockTo72   system_stm32f10x.o
    0x08005e74   0x08005e74   0x00000044   Code   RO         1322    i.Stepper_Init      stepper.o
    0x08005eb8   0x08005eb8   0x0000007c   Code   RO         1323    i.Stepper_Output    stepper.o
    0x08005f34   0x08005f34   0x000000b8   Code   RO         1324    i.Stepper_StepCCW   stepper.o
    0x08005fec   0x08005fec   0x000000b4   Code   RO         1325    i.Stepper_StepCW    stepper.o
    0x080060a0   0x080060a0   0x00000014   Code   RO         1326    i.Stepper_Stop      stepper.o
    0x080060b4   0x080060b4   0x00000060   Code   RO         3754    i.SystemInit        system_stm32f10x.o
    0x08006114   0x08006114   0x00000098   Code   RO         1579    i.TIM4_Servo_Init   timer_pwm.o
    0x080061ac   0x080061ac   0x0000002c   Code   RO         1580    i.TIM4_Servo_SetAngle  timer_pwm.o
    0x080061d8   0x080061d8   0x00000018   Code   RO         3008    i.TIM_Cmd           stm32f10x_tim.o
    0x080061f0   0x080061f0   0x00000098   Code   RO         3037    i.TIM_OC1Init       stm32f10x_tim.o
    0x08006288   0x08006288   0x000000a4   Code   RO         3042    i.TIM_OC2Init       stm32f10x_tim.o
    0x0800632c   0x0800632c   0x000000a0   Code   RO         3047    i.TIM_OC3Init       stm32f10x_tim.o
    0x080063cc   0x080063cc   0x00000004   Code   RO         3069    i.TIM_SetCompare1   stm32f10x_tim.o
    0x080063d0   0x080063d0   0x00000004   Code   RO         3070    i.TIM_SetCompare2   stm32f10x_tim.o
    0x080063d4   0x080063d4   0x00000004   Code   RO         3071    i.TIM_SetCompare3   stm32f10x_tim.o
    0x080063d8   0x080063d8   0x00000004   Code   RO         3073    i.TIM_SetCounter    stm32f10x_tim.o
    0x080063dc   0x080063dc   0x000000a4   Code   RO         3079    i.TIM_TimeBaseInit  stm32f10x_tim.o
    0x08006480   0x08006480   0x00000048   Code   RO         1119    i.TLC5615_Init      tlc5615.o
    0x080064c8   0x080064c8   0x00000074   Code   RO         1120    i.TLC5615_Send      tlc5615.o
    0x0800653c   0x0800653c   0x0000001a   Code   RO         1121    i.TLC5615_SetValue  tlc5615.o
    0x08006556   0x08006556   0x00000002   PAD
    0x08006558   0x08006558   0x0000003c   Code   RO          768    i.TrafficLight_Init  gpio_out.o
    0x08006594   0x08006594   0x0000006c   Code   RO          769    i.TrafficLight_Set  gpio_out.o
    0x08006600   0x08006600   0x0000005c   Code   RO         1224    i.UART4_IRQHandler  rs485.o
    0x0800665c   0x0800665c   0x0000005c   Code   RO          705    i.USART1_IRQHandler  usart_debug.o
    0x080066b8   0x080066b8   0x0000005c   Code   RO         1165    i.USART3_IRQHandler  rs232.o
    0x08006714   0x08006714   0x00000018   Code   RO         3556    i.USART_Cmd         stm32f10x_usart.o
    0x0800672c   0x0800672c   0x0000001a   Code   RO         3559    i.USART_GetFlagStatus  stm32f10x_usart.o
    0x08006746   0x08006746   0x00000054   Code   RO         3560    i.USART_GetITStatus  stm32f10x_usart.o
    0x0800679a   0x0800679a   0x0000004a   Code   RO         3562    i.USART_ITConfig    stm32f10x_usart.o
    0x080067e4   0x080067e4   0x000000d8   Code   RO         3563    i.USART_Init        stm32f10x_usart.o
    0x080068bc   0x080068bc   0x0000000c   Code   RO          706    i.USART_RX_Available  usart_debug.o
    0x080068c8   0x080068c8   0x00000014   Code   RO          707    i.USART_RX_DeInit   usart_debug.o
    0x080068dc   0x080068dc   0x0000001c   Code   RO          708    i.USART_RX_Flush    usart_debug.o
    0x080068f8   0x080068f8   0x00000030   Code   RO          709    i.USART_RX_Init     usart_debug.o
    0x08006928   0x08006928   0x00000044   Code   RO          710    i.USART_RX_Read     usart_debug.o
    0x0800696c   0x0800696c   0x0000000a   Code   RO         3570    i.USART_ReceiveData  stm32f10x_usart.o
    0x08006976   0x08006976   0x00000008   Code   RO         3573    i.USART_SendData    stm32f10x_usart.o
    0x0800697e   0x0800697e   0x00000002   PAD
    0x08006980   0x08006980   0x00000024   Code   RO           25    i.WKUP_Init         main.o
    0x080069a4   0x080069a4   0x00000018   Code   RO           26    i.WKUP_IsPressed    main.o
    0x080069bc   0x080069bc   0x00000028   Code   RO         3991    i.__ARM_fpclassify  m_ws.l(fpclassify.o)
    0x080069e4   0x080069e4   0x0000000e   Code   RO         3845    i._is_digit         c_w.l(__printf_wp.o)
    0x080069f2   0x080069f2   0x00000002   Code   RO          515    i._sys_exit         usart.o
    0x080069f4   0x080069f4   0x00000048   Code   RO          429    i.delay_ms          delay.o
    0x08006a3c   0x08006a3c   0x00000030   Code   RO         1695    i.delay_us          delay_us.o
    0x08006a6c   0x08006a6c   0x00000028   Code   RO         1696    i.delay_us_init     delay_us.o
    0x08006a94   0x08006a94   0x0000001c   Code   RO          516    i.fputc             usart.o
    0x08006ab0   0x08006ab0   0x00000064   Code   RO          327    i.freertos_init     freertos_tasks.o
    0x08006b14   0x08006b14   0x00000168   Code   RO           27    i.main              main.o
    0x08006c7c   0x08006c7c   0x00000098   Code   RO         2021    i.prvAddCurrentTaskToDelayedList  tasks.o
    0x08006d14   0x08006d14   0x000000b4   Code   RO         2022    i.prvAddNewTaskToReadyList  tasks.o
    0x08006dc8   0x08006dc8   0x00000064   Code   RO         2023    i.prvCheckTasksWaitingTermination  tasks.o
    0x08006e2c   0x08006e2c   0x0000002a   Code   RO         1885    i.prvCopyDataFromQueue  queue.o
    0x08006e56   0x08006e56   0x0000006a   Code   RO         1886    i.prvCopyDataToQueue  queue.o
    0x08006ec0   0x08006ec0   0x00000012   Code   RO         2024    i.prvDeleteTCB      tasks.o
    0x08006ed2   0x08006ed2   0x00000002   PAD
    0x08006ed4   0x08006ed4   0x00000038   Code   RO         1731    i.prvHeapInit       heap_2.o
    0x08006f0c   0x08006f0c   0x00000028   Code   RO         2025    i.prvIdleTask       tasks.o
    0x08006f34   0x08006f34   0x00000026   Code   RO         1887    i.prvInitialiseNewQueue  queue.o
    0x08006f5a   0x08006f5a   0x00000080   Code   RO         2026    i.prvInitialiseNewTask  tasks.o
    0x08006fda   0x08006fda   0x00000002   PAD
    0x08006fdc   0x08006fdc   0x00000068   Code   RO         2027    i.prvInitialiseTaskLists  tasks.o
    0x08007044   0x08007044   0x0000001a   Code   RO         1888    i.prvIsQueueEmpty   queue.o
    0x0800705e   0x0800705e   0x0000001e   Code   RO         1889    i.prvIsQueueFull    queue.o
    0x0800707c   0x0800707c   0x00000034   Code   RO         2028    i.prvResetNextTaskUnblockTime  tasks.o
    0x080070b0   0x080070b0   0x00000016   Code   RO         1815    i.prvTaskExitError  port.o
    0x080070c6   0x080070c6   0x0000007e   Code   RO         1890    i.prvUnlockQueue    queue.o
    0x08007144   0x08007144   0x000000b8   Code   RO         1732    i.pvPortMalloc      heap_2.o
    0x080071fc   0x080071fc   0x00000024   Code   RO         1816    i.pxPortInitialiseStack  port.o
    0x08007220   0x08007220   0x00000080   Code   RO          517    i.usart_init        usart.o
    0x080072a0   0x080072a0   0x00000028   Code   RO         1778    i.uxListRemove      list.o
    0x080072c8   0x080072c8   0x00000070   Code   RO          328    i.vControlTask      freertos_tasks.o
    0x08007338   0x08007338   0x0000005c   Code   RO          329    i.vExperimentTask   freertos_tasks.o
    0x08007394   0x08007394   0x0000001a   Code   RO         1779    i.vListInitialise   list.o
    0x080073ae   0x080073ae   0x00000006   Code   RO         1780    i.vListInitialiseItem  list.o
    0x080073b4   0x080073b4   0x00000034   Code   RO         1781    i.vListInsert       list.o
    0x080073e8   0x080073e8   0x00000018   Code   RO         1782    i.vListInsertEnd    list.o
    0x08007400   0x08007400   0x00000024   Code   RO         1818    i.vPortEnterCritical  port.o
    0x08007424   0x08007424   0x00000020   Code   RO         1819    i.vPortExitCritical  port.o
    0x08007444   0x08007444   0x00000040   Code   RO         1733    i.vPortFree         heap_2.o
    0x08007484   0x08007484   0x00000014   Code   RO         1820    i.vPortSetupTimerInterrupt  port.o
    0x08007498   0x08007498   0x00000034   Code   RO         2035    i.vTaskDelay        tasks.o
    0x080074cc   0x080074cc   0x0000000c   Code   RO         2039    i.vTaskMissedYield  tasks.o
    0x080074d8   0x080074d8   0x00000020   Code   RO         2041    i.vTaskPlaceOnEventList  tasks.o
    0x080074f8   0x080074f8   0x00000018   Code   RO         2045    i.vTaskSetTimeOutState  tasks.o
    0x08007510   0x08007510   0x00000064   Code   RO         2046    i.vTaskStartScheduler  tasks.o
    0x08007574   0x08007574   0x00000010   Code   RO         2048    i.vTaskSuspendAll   tasks.o
    0x08007584   0x08007584   0x00000060   Code   RO         2049    i.vTaskSwitchContext  tasks.o
    0x080075e4   0x080075e4   0x00000034   Code   RO         1821    i.xPortStartScheduler  port.o
    0x08007618   0x08007618   0x00000034   Code   RO         1822    i.xPortSysTickHandler  port.o
    0x0800764c   0x0800764c   0x00000038   Code   RO         1895    i.xQueueGenericCreate  queue.o
    0x08007684   0x08007684   0x0000013c   Code   RO         1896    i.xQueueGenericReceive  queue.o
    0x080077c0   0x080077c0   0x00000080   Code   RO         1897    i.xQueueGenericReset  queue.o
    0x08007840   0x08007840   0x00000118   Code   RO         1898    i.xQueueGenericSend  queue.o
    0x08007958   0x08007958   0x0000005c   Code   RO         2050    i.xTaskCheckForTimeOut  tasks.o
    0x080079b4   0x080079b4   0x00000060   Code   RO         2051    i.xTaskCreate       tasks.o
    0x08007a14   0x08007a14   0x0000011c   Code   RO         2056    i.xTaskIncrementTick  tasks.o
    0x08007b30   0x08007b30   0x00000080   Code   RO         2059    i.xTaskRemoveFromEventList  tasks.o
    0x08007bb0   0x08007bb0   0x000000e8   Code   RO         2061    i.xTaskResumeAll    tasks.o
    0x08007c98   0x08007c98   0x0000002c   Code   RO         3987    locale$$code        c_w.l(lc_numeric_c.o)
    0x08007cc4   0x08007cc4   0x0000000c   Code   RO         3924    x$fpl$dretinf       fz_ws.l(dretinf.o)
    0x08007cd0   0x08007cd0   0x00000056   Code   RO         3884    x$fpl$f2d           fz_ws.l(f2d.o)
    0x08007d26   0x08007d26   0x00000002   PAD
    0x08007d28   0x08007d28   0x00000184   Code   RO         3887    x$fpl$fdiv          fz_ws.l(fdiv.o)
    0x08007eac   0x08007eac   0x00000026   Code   RO         3894    x$fpl$ffltu         fz_ws.l(fflt_clz.o)
    0x08007ed2   0x08007ed2   0x00000002   PAD
    0x08007ed4   0x08007ed4   0x00000102   Code   RO         3900    x$fpl$fmul          fz_ws.l(fmul.o)
    0x08007fd6   0x08007fd6   0x0000008c   Code   RO         3926    x$fpl$fnaninf       fz_ws.l(fnaninf.o)
    0x08008062   0x08008062   0x0000000a   Code   RO         3928    x$fpl$fretinf       fz_ws.l(fretinf.o)
    0x0800806c   0x0800806c   0x00000004   Code   RO         3902    x$fpl$printf1       fz_ws.l(printf1.o)
    0x08008070   0x08008070   0x00000000   Code   RO         3930    x$fpl$usenofp       fz_ws.l(usenofp.o)
    0x08008070   0x08008070   0x00000010   Data   RO          770    .constdata          gpio_out.o
    0x08008080   0x08008080   0x00000008   Data   RO         1327    .constdata          stepper.o
    0x08008088   0x08008088   0x00000004   Data   RO         1436    .constdata          lcd12864.o
    0x0800808c   0x0800808c   0x00000028   Data   RO         3818    .constdata          c_w.l(_printf_hex_int.o)
    0x080080b4   0x080080b4   0x00000011   Data   RO         3853    .constdata          c_w.l(__printf_flags_ss_wp.o)
    0x080080c5   0x080080c5   0x00000003   PAD
    0x080080c8   0x080080c8   0x00000094   Data   RO         3958    .constdata          c_w.l(bigflt0.o)
    0x0800815c   0x0800815c   0x00000020   Data   RO         4128    Region$$Table       anon$$obj.o
    0x0800817c   0x0800817c   0x0000001c   Data   RO         3986    locale$$data        c_w.l(lc_numeric_c.o)


    Execution Region RW_IRAM1 (Exec base: 0x20000000, Load base: 0x08008198, Size: 0x00004ed8, Max: 0x00010000, ABSOLUTE)

    Exec Addr    Load Addr    Size         Type   Attr      Idx    E Section Name        Object

    0x20000000   0x08008198   0x00000010   Data   RW          330    .data               freertos_tasks.o
    0x20000010   0x080081a8   0x00000004   Data   RW          518    .data               usart.o
    0x20000014   0x080081ac   0x00000003   Data   RW          712    .data               usart_debug.o
    0x20000017   0x080081af   0x00000004   Data   RW          842    .data               gpio_in.o
    0x2000001b   0x080081b3   0x00000001   Data   RW         1058    .data               infrared.o
    0x2000001c   0x080081b4   0x00000003   Data   RW         1167    .data               rs232.o
    0x2000001f   0x080081b7   0x00000003   Data   RW         1226    .data               rs485.o
    0x20000022   0x080081ba   0x00000002   PAD
    0x20000024   0x080081bc   0x00000004   Data   RW         1376    .data               encoder.o
    0x20000028   0x080081c0   0x00000002   Data   RW         1581    .data               timer_pwm.o
    0x2000002a   0x080081c2   0x00000002   PAD
    0x2000002c   0x080081c4   0x00000018   Data   RW         1737    .data               heap_2.o
    0x20000044   0x080081dc   0x00000004   Data   RW         1823    .data               port.o
    0x20000048   0x080081e0   0x0000003c   Data   RW         2064    .data               tasks.o
    0x20000084   0x0800821c   0x00000014   Data   RW         2812    .data               stm32f10x_rcc.o
    0x20000098   0x08008230   0x00000014   Data   RW         3755    .data               system_stm32f10x.o
    0x200000ac        -       0x00000100   Zero   RW          711    .bss                usart_debug.o
    0x200001ac        -       0x00000100   Zero   RW         1166    .bss                rs232.o
    0x200002ac        -       0x00000100   Zero   RW         1225    .bss                rs485.o
    0x200003ac        -       0x00004400   Zero   RW         1736    .bss                heap_2.o
    0x200047ac        -       0x000000c8   Zero   RW         2063    .bss                tasks.o
    0x20004874        -       0x00000060   Zero   RW         3994    .bss                c_w.l(libspace.o)
    0x200048d4   0x08008244   0x00000004   PAD
    0x200048d8        -       0x00000200   Zero   RW         3742    HEAP                startup_stm32f10x_hd.o
    0x20004ad8        -       0x00000400   Zero   RW         3741    STACK               startup_stm32f10x_hd.o


==============================================================================

Image component sizes


      Code (inc. data)   RO Data    RW Data    ZI Data      Debug   Object Name

       570         24          0          0          0       3376   ch451.o
        72          6          0          0          0        547   delay.o
        88         24          0          0          0        923   delay_us.o
       478         20          0          0          0       3606   dht11.o
       518         22          0          0          0       5916   ds18b20.o
       288         40          0          4          0       2909   encoder.o
       470        118          0         16          0       3052   freertos_tasks.o
       808         76          0          4          0       4840   gpio_in.o
       328         36         16          0          0       3530   gpio_out.o
       304         40          0         24      17408       4855   heap_2.o
       644         38          0          1          0       5366   infrared.o
       518         36          4          0          0       4455   lcd12864.o
       148          0          0          0          0       3014   list.o
     11172       4762          0          0          0     299759   main.o
       132         22          0          0          0       1731   misc.o
       400         50          0          4          0       8612   port.o
      1148         14          0          0          0      16778   queue.o
       124          8          0          0          0       1389   relay.o
       434         68          0          3        256       3730   rs232.o
       550         82          0          3        256       4697   rs485.o
       312         18          0          0          0       2274   sensor_adc.o
        64         26        304          0       1536        816   startup_stm32f10x_hd.o
       576        210          8          0          0       3137   stepper.o
       486         24          0          0          0       9234   stm32f10x_adc.o
       200         18          0          0          0       2360   stm32f10x_exti.o
       512         10          0          0          0       5508   stm32f10x_gpio.o
       308         38          0         20          0       5287   stm32f10x_rcc.o
       680         82          0          0          0       6586   stm32f10x_tim.o
       442          6          0          0          0       6621   stm32f10x_usart.o
       328         28          0         20          0       2329   system_stm32f10x.o
      1938        314          0         60        200      23957   tasks.o
       488         50          0          2          0       3442   timer_pwm.o
       214         10          0          0          0       1534   tlc5615.o
       158         14          0          4          0       3319   usart.o
       268         58          0          3        256       3432   usart_debug.o

    ----------------------------------------------------------------------
     26202       6392        364        172      19912     462921   Object Totals
         0          0         32          0          0          0   (incl. Generated)
        34          0          0          4          0          0   (incl. Padding)

    ----------------------------------------------------------------------

      Code (inc. data)   RO Data    RW Data    ZI Data      Debug   Library Member Name

         8          0          0          0          0         68   __main.o
       392          4         17          0          0         92   __printf_flags_ss_wp.o
        14          0          0          0          0         68   __printf_wp.o
         0          0          0          0          0          0   __rtentry.o
        12          0          0          0          0          0   __rtentry2.o
         6          0          0          0          0          0   __rtentry4.o
        52          8          0          0          0          0   __scatter.o
        26          0          0          0          0          0   __scatter_copy.o
        28          0          0          0          0          0   __scatter_zi.o
         6          0          0          0          0          0   _printf_c.o
        44          0          0          0          0        108   _printf_char.o
        48          6          0          0          0         96   _printf_char_common.o
        36          4          0          0          0         80   _printf_char_file.o
         6          0          0          0          0          0   _printf_d.o
       120         16          0          0          0         92   _printf_dec.o
         6          0          0          0          0          0   _printf_f.o
      1054          0          0          0          0        216   _printf_fp_dec.o
       128         16          0          0          0         84   _printf_fp_infnan.o
        88          4         40          0          0         88   _printf_hex_int.o
       178          0          0          0          0         88   _printf_intcommon.o
        78          0          0          0          0        108   _printf_pad.o
         0          0          0          0          0          0   _printf_percent.o
         4          0          0          0          0          0   _printf_percent_end.o
         6          0          0          0          0          0   _printf_s.o
        82          0          0          0          0         80   _printf_str.o
         6          0          0          0          0          0   _printf_u.o
         6          0          0          0          0          0   _printf_x.o
        10          0          0          0          0         68   _sputc.o
       228          4        148          0          0         96   bigflt0.o
      1936        128          0          0          0        672   btod.o
        18          0          0          0          0         80   exit.o
         8          0          0          0          0         68   ferror.o
         6          0          0          0          0        152   heapauxi.o
        44         10         28          0          0         76   lc_numeric_c.o
         2          0          0          0          0          0   libinit.o
        18          0          0          0          0          0   libinit2.o
         2          0          0          0          0          0   libshutdown.o
         2          0          0          0          0          0   libshutdown2.o
         8          4          0          0         96         68   libspace.o
       138          0          0          0          0         80   lludiv10.o
        24          4          0          0          0         84   noretval__2printf.o
        40          6          0          0          0         84   noretval__2sprintf.o
         8          4          0          0          0         68   rt_locale_intlibspace.o
       138          0          0          0          0         68   rt_memcpy_v6.o
       100          0          0          0          0         80   rt_memcpy_w.o
         2          0          0          0          0          0   rtexit.o
        10          0          0          0          0          0   rtexit2.o
       128          0          0          0          0         68   strcmpv7m.o
        74          0          0          0          0         80   sys_stackheap_outer.o
         2          0          0          0          0         68   use_no_semi.o
         2          0          0          0          0         68   use_no_semi_2.o
        12          0          0          0          0         68   dretinf.o
        86          4          0          0          0         84   f2d.o
       388         76          0          0          0         96   fdiv.o
        38          0          0          0          0         68   fflt_clz.o
       258          4          0          0          0         84   fmul.o
       140          4          0          0          0         84   fnaninf.o
        10          0          0          0          0         68   fretinf.o
         4          0          0          0          0         68   printf1.o
         0          0          0          0          0          0   usenofp.o
        40          0          0          0          0         68   fpclassify.o

    ----------------------------------------------------------------------
      6374        306        236          0        100       3984   Library Totals
        16          0          3          0          4          0   (incl. Padding)

    ----------------------------------------------------------------------

      Code (inc. data)   RO Data    RW Data    ZI Data      Debug   Library Name

      5382        218        233          0         96       3296   c_w.l
       936         88          0          0          0        620   fz_ws.l
        40          0          0          0          0         68   m_ws.l

    ----------------------------------------------------------------------
      6374        306        236          0        100       3984   Library Totals

    ----------------------------------------------------------------------

==============================================================================


      Code (inc. data)   RO Data    RW Data    ZI Data      Debug   

     32576       6698        600        172      20012     453121   Grand Totals
     32576       6698        600        172      20012     453121   ELF Image Totals
     32576       6698        600        172          0          0   ROM Totals

==============================================================================

    Total RO  Size (Code + RO Data)                33176 (  32.40kB)
    Total RW  Size (RW Data + ZI Data)             20184 (  19.71kB)
    Total ROM Size (Code + RO Data + RW Data)      33348 (  32.57kB)

==============================================================================

